01-15 00:26:51.726 I/art     (  836): Explicit concurrent mark sweep GC freed 12385(558KB) AllocSpace objects, 3(664KB) LOS objects, 33% free, 15MB/23MB, paused 1.573ms total 109.138ms
01-15 00:26:52.745 D/audio_hw_primary(  233): out_standby: enter: stream (0xb7319fe0) usecase(1: low-latency-playback)
01-15 00:26:52.749 D/wpa_supplicant(26266): wlan0: Control interface command 'SIGNAL_POLL'
01-15 00:26:52.835 D/soundtrigger(  233): audio_extn_sound_trigger_update_stream_status: uc_id 1 of type 0 for Event 2, with Raise=0
01-15 00:26:52.835 D/hardware_info(  233): hw_info_append_hw_type : device_name = handset
01-15 00:26:52.843 I/soundtrigger(  233): audio_extn_sound_trigger_update_device_status: device 0x1 of type 0 for Event 0, with Raise=0
01-15 00:26:53.659 I/art     ( 1113): Explicit concurrent mark sweep GC freed 7213(341KB) AllocSpace objects, 0(0B) LOS objects, 40% free, 6MB/11MB, paused 919us total 56.111ms
01-15 00:26:54.394 V/WLAN_PSA(  240): NL MSG, len[048], NL type[0x11] WNI type[0x5050] len[028]
01-15 00:26:54.394 V/WLAN_PSA(  240): NL MSG, PID: 240
01-15 00:26:54.398 V/WLAN_PSA(  240): NL MSG, len[4086], NL type[0x1C] WNI type[0x5900] len[56847]
01-15 00:26:54.398 V/WLAN_PSA(  240): NL MSG, PID: 240
01-15 00:26:55.764 D/wpa_supplicant(26266): wlan0: Control interface command 'SIGNAL_POLL'
01-15 00:26:56.101 E/LocSvc_libulp(  836): I/===> int ulp_msg_process_system_update(UlpSystemEvent) line 1455 
01-15 00:26:56.101 E/LocSvc_libulp(  836): I/int ulp_msg_process_system_update(UlpSystemEvent): systemEvent:5 
01-15 00:26:56.101 E/LocSvc_libulp(  836): I/===> int ulp_brain_process_system_update(UlpSystemEvent) line 2360 
01-15 00:26:56.101 E/LocSvc_libulp(  836): I/===> int ulp_brain_select_providers() line 333 
01-15 00:26:56.101 E/LocSvc_libulp(  836): I/===> int ulp_brain_turn_onoff_quipc_provider() line 700 
01-15 00:26:56.101 E/LocSvc_libulp(  836): I/===> int ulp_quipc_stop_engine() line 235 
01-15 00:26:56.101 E/LocSvc_libulp(  836): I/===> bool ulp_quipc_engine_running() line 60 
01-15 00:26:56.101 E/LocSvc_libulp(  836): I/===> int ulp_brain_turn_onoff_gnss_provider() line 595 
01-15 00:26:56.101 E/LocSvc_libulp(  836): I/===> int ulp_gnss_stop_engine() line 262 
01-15 00:26:56.101 E/LocSvc_libulp(  836): I/===> bool ulp_quipc_engine_running() line 60 
01-15 00:26:56.101 E/LocSvc_libulp(  836): I/===> int ulp_brain_turn_onoff_gnp_provider() line 496 
01-15 00:26:56.101 E/LocSvc_libulp(  836): I/===> bool ulp_gnp_engine_running() line 59 
01-15 00:26:56.101 E/LocSvc_libulp(  836): I/===> int ulp_gnp_stop_engine() line 195 
01-15 00:26:56.101 E/LocSvc_libulp(  836): I/===> bool ulp_gnp_engine_running() line 59 
01-15 00:26:56.101 E/LocSvc_libulp(  836): I/===> bool ulp_gnp_engine_running() line 59 
01-15 00:26:56.101 E/LocSvc_libulp(  836): I/===> int ulp_brain_turn_onoff_zpp_provider() line 437 
01-15 00:26:56.101 E/LocSvc_libulp(  836): I/===> int ulp_zpp_start_engine() line 98 
01-15 00:26:56.101 E/LocSvc_libulp(  836): I/===> bool ulp_zpp_engine_running() line 62 
01-15 00:26:56.101 E/LocSvc_libulp(  836): I/===> int ulp_msg_process_start_req() line 447 
01-15 00:26:56.101 E/LocSvc_libulp(  836): I/int ulp_msg_process_start_req(), at ulp state = 1
01-15 00:26:56.104 E/LocSvc_api_v02(  836): I/---> locClientSendReq line 2436 QMI_LOC_GET_BEST_AVAILABLE_POSITION_REQ_V02
01-15 00:26:56.110 E/LocSvc_ApiV02(  836): I/<--- void globalRespCb(locClientHandleType, uint32_t, locClientRespIndUnionType, void*) line 106 QMI_LOC_GET_BEST_AVAILABLE_POSITION_REQ_V02
01-15 00:26:56.110 E/LocSvc_libulp(  836): I/===> int ulp_brain_process_zpp_position_report(loc_sess_status, LocPosTechMask, const UlpLocation*) line 1473 
01-15 00:26:56.110 E/LocSvc_libulp(  836): I/int ulp_brain_process_zpp_position_report(loc_sess_status, LocPosTechMask, const UlpLocation*), report ZPP position to providers,report_position = 0
01-15 00:26:56.110 E/LocSvc_libulp(  836): I/===> int ulp_brain_select_providers() line 333 
01-15 00:26:56.110 E/LocSvc_libulp(  836): I/===> int ulp_brain_turn_onoff_quipc_provider() line 700 
01-15 00:26:56.110 E/LocSvc_libulp(  836): I/===> int ulp_quipc_stop_engine() line 235 
01-15 00:26:56.110 E/LocSvc_libulp(  836): I/===> bool ulp_quipc_engine_running() line 60 
01-15 00:26:56.110 E/LocSvc_libulp(  836): I/===> int ulp_brain_turn_onoff_gnss_provider() line 595 
01-15 00:26:56.110 E/LocSvc_libulp(  836): I/===> int ulp_gnss_stop_engine() line 262 
01-15 00:26:56.110 E/LocSvc_libulp(  836): I/===> bool ulp_quipc_engine_running() line 60 
01-15 00:26:56.110 E/LocSvc_libulp(  836): I/===> int ulp_brain_turn_onoff_gnp_provider() line 496 
01-15 00:26:56.110 E/LocSvc_libulp(  836): I/===> bool ulp_gnp_engine_running() line 59 
01-15 00:26:56.110 E/LocSvc_libulp(  836): I/===> int ulp_gnp_stop_engine() line 195 
01-15 00:26:56.110 E/LocSvc_libulp(  836): I/===> bool ulp_gnp_engine_running() line 59 
01-15 00:26:56.110 E/LocSvc_libulp(  836): I/===> bool ulp_gnp_engine_running() line 59 
01-15 00:26:56.110 E/LocSvc_libulp(  836): I/===> int ulp_brain_turn_onoff_zpp_provider() line 437 
01-15 00:26:56.110 E/LocSvc_libulp(  836): I/===> int ulp_zpp_stop_engine() line 174 
01-15 00:26:56.111 E/LocSvc_libulp(  836): I/===> bool ulp_zpp_engine_running() line 62 
01-15 00:26:58.773 D/wpa_supplicant(26266): wlan0: Control interface command 'SIGNAL_POLL'
01-15 00:26:59.404 V/WLAN_PSA(  240): NL MSG, len[048], NL type[0x11] WNI type[0x5050] len[028]
01-15 00:26:59.404 V/WLAN_PSA(  240): NL MSG, PID: 240
01-15 00:26:59.829 E/WifiStateMachine(  836): WifiStateMachine CMD_START_SCAN source -2 txSuccessRate=0.00 rxSuccessRate=9.45 targetRoamBSSID=any RSSI=-49
01-15 00:27:00.530 D/StatusBar.NetworkController( 1113): hasService: mServiceState=1 1 home null null null  Unknown Unknown CSS not supported -1 -1 RoamInd=-1 DefRoamInd=-1 EmergOnly=false retVal=false
01-15 00:27:00.531 D/StatusBar.NetworkController( 1113): refreshViews: Data not connected!! Set no data type icon / Roaming
01-15 00:27:00.531 D/StatusBar.NetworkController( 1113): refreshViews connected={ wifi } level=?? combinedSignalIconId=0x7f020324/com.android.systemui:drawable/stat_sys_wifi_signal_4 combinedActivityIconId=0x7f02031a mobileLabel= wifiLabel="QGuest"xxxxXXXXxxxxXXXX emergencyOnly=false combinedLabel="QGuest"xxxxXXXXxxxxXXXX mAirplaneMode=false mDataActivity=0 mPhoneSignalIconId=0x7f02030d/com.android.systemui:drawable/stat_sys_signal_null mQSPhoneSignalIconId=0x7f0200a3/com.android.systemui:drawable/ic_qs_signal_no_signal mDataDirectionIconId=0x0/(null) mDataSignalIconId=0x7f02030d/com.android.systemui:drawable/stat_sys_signal_null mDataTypeIconId=0x0/(null) mQSDataTypeIconId=0x0/(null) mNoSimIconId=0x0/(null) mWifiIconId=0x7f020324/com.android.systemui:drawable/stat_sys_wifi_signal_4 mQSWifiIconId=0x7f0200ac/com.android.systemui:drawable/ic_qs_wifi_4 mWifiActivityIconId=0x7f02031a/com.android.systemui:drawable/stat_sys_wifi_inout mBluetoothTetherIconId=0x108069f/android:drawable/stat_sys_tether_bluetooth
01-15 00:27:00.535 D/StatusBar.NetworkController( 1113): refreshSignalCluster - setMobileDataIndicators:  mHasMobileDataFeature = true mPhoneSignalIconId = com.android.systemui:drawable/stat_sys_signal_null mDataSignalIconId = com.android.systemui:drawable/stat_sys_signal_null mMobileActivityIconId = (null) mDataTypeIconId = (null) mNoSimIconId = (null)
01-15 00:27:00.535 D/StatusBar.NetworkController( 1113): refreshSignalCluster - setMobileDataIndicators:  mHasMobileDataFeature = true mPhoneSignalIconId = com.android.systemui:drawable/stat_sys_signal_null mDataSignalIconId = com.android.systemui:drawable/stat_sys_signal_null mMobileActivityIconId = (null) mDataTypeIconId = (null) mNoSimIconId = (null)
01-15 00:27:00.536 D/StatusBar.NetworkController( 1113): refreshSignalCluster - setMobileDataIndicators:  mHasMobileDataFeature = true mPhoneSignalIconId = com.android.systemui:drawable/stat_sys_signal_null mDataSignalIconId = com.android.systemui:drawable/stat_sys_signal_null mMobileActivityIconId = (null) mDataTypeIconId = (null) mNoSimIconId = (null)
01-15 00:27:00.536 D/StatusBar.NetworkController( 1113): changing data overlay icon id to 2130838298
01-15 00:27:01.534 D/StatusBar.NetworkController( 1113): hasService: mServiceState=1 1 home null null null  Unknown Unknown CSS not supported -1 -1 RoamInd=-1 DefRoamInd=-1 EmergOnly=false retVal=false
01-15 00:27:01.534 D/StatusBar.NetworkController( 1113): refreshViews: Data not connected!! Set no data type icon / Roaming
01-15 00:27:01.535 D/StatusBar.NetworkController( 1113): refreshViews connected={ wifi } level=?? combinedSignalIconId=0x7f020324/com.android.systemui:drawable/stat_sys_wifi_signal_4 combinedActivityIconId=0x7f020319 mobileLabel= wifiLabel="QGuest"xxxxXXXXxxxxXXXX emergencyOnly=false combinedLabel="QGuest"xxxxXXXXxxxxXXXX mAirplaneMode=false mDataActivity=0 mPhoneSignalIconId=0x7f02030d/com.android.systemui:drawable/stat_sys_signal_null mQSPhoneSignalIconId=0x7f0200a3/com.android.systemui:drawable/ic_qs_signal_no_signal mDataDirectionIconId=0x0/(null) mDataSignalIconId=0x7f02030d/com.android.systemui:drawable/stat_sys_signal_null mDataTypeIconId=0x0/(null) mQSDataTypeIconId=0x0/(null) mNoSimIconId=0x0/(null) mWifiIconId=0x7f020324/com.android.systemui:drawable/stat_sys_wifi_signal_4 mQSWifiIconId=0x7f0200ac/com.android.systemui:drawable/ic_qs_wifi_4 mWifiActivityIconId=0x7f020319/com.android.systemui:drawable/stat_sys_wifi_in mBluetoothTetherIconId=0x108069f/android:drawable/stat_sys_tether_bluetooth
01-15 00:27:01.536 D/StatusBar.NetworkController( 1113): refreshSignalCluster - setMobileDataIndicators:  mHasMobileDataFeature = true mPhoneSignalIconId = com.android.systemui:drawable/stat_sys_signal_null mDataSignalIconId = com.android.systemui:drawable/stat_sys_signal_null mMobileActivityIconId = (null) mDataTypeIconId = (null) mNoSimIconId = (null)
01-15 00:27:01.536 D/StatusBar.NetworkController( 1113): refreshSignalCluster - setMobileDataIndicators:  mHasMobileDataFeature = true mPhoneSignalIconId = com.android.systemui:drawable/stat_sys_signal_null mDataSignalIconId = com.android.systemui:drawable/stat_sys_signal_null mMobileActivityIconId = (null) mDataTypeIconId = (null) mNoSimIconId = (null)
01-15 00:27:01.537 D/StatusBar.NetworkController( 1113): refreshSignalCluster - setMobileDataIndicators:  mHasMobileDataFeature = true mPhoneSignalIconId = com.android.systemui:drawable/stat_sys_signal_null mDataSignalIconId = com.android.systemui:drawable/stat_sys_signal_null mMobileActivityIconId = (null) mDataTypeIconId = (null) mNoSimIconId = (null)
01-15 00:27:01.537 D/StatusBar.NetworkController( 1113): changing data overlay icon id to 2130838297
01-15 00:27:01.792 D/wpa_supplicant(26266): wlan0: Control interface command 'SIGNAL_POLL'
01-15 00:27:01.793 V/WLAN_PSA(  240): NL MSG, len[4029], NL type[0x1C] WNI type[0x5900] len[42255]
01-15 00:27:01.794 V/WLAN_PSA(  240): NL MSG, PID: 240
01-15 00:27:03.879 I/art     (  836): Explicit concurrent mark sweep GC freed 8158(376KB) AllocSpace objects, 1(16KB) LOS objects, 33% free, 15MB/23MB, paused 1.563ms total 106.480ms
01-15 00:27:04.414 V/WLAN_PSA(  240): NL MSG, len[048], NL type[0x11] WNI type[0x5050] len[028]
01-15 00:27:04.414 V/WLAN_PSA(  240): NL MSG, PID: 240
01-15 00:27:04.808 D/wpa_supplicant(26266): wlan0: Control interface command 'SIGNAL_POLL'
01-15 00:27:06.101 E/LocSvc_libulp(  836): I/===> int ulp_msg_process_system_update(UlpSystemEvent) line 1455 
01-15 00:27:06.101 E/LocSvc_libulp(  836): I/int ulp_msg_process_system_update(UlpSystemEvent): systemEvent:5 
01-15 00:27:06.101 E/LocSvc_libulp(  836): I/===> int ulp_brain_process_system_update(UlpSystemEvent) line 2360 
01-15 00:27:06.101 E/LocSvc_libulp(  836): I/===> int ulp_brain_select_providers() line 333 
01-15 00:27:06.101 E/LocSvc_libulp(  836): I/===> int ulp_brain_turn_onoff_quipc_provider() line 700 
01-15 00:27:06.101 E/LocSvc_libulp(  836): I/===> int ulp_quipc_stop_engine() line 235 
01-15 00:27:06.101 E/LocSvc_libulp(  836): I/===> bool ulp_quipc_engine_running() line 60 
01-15 00:27:06.101 E/LocSvc_libulp(  836): I/===> int ulp_brain_turn_onoff_gnss_provider() line 595 
01-15 00:27:06.101 E/LocSvc_libulp(  836): I/===> int ulp_gnss_stop_engine() line 262 
01-15 00:27:06.101 E/LocSvc_libulp(  836): I/===> bool ulp_quipc_engine_running() line 60 
01-15 00:27:06.101 E/LocSvc_libulp(  836): I/===> int ulp_brain_turn_onoff_gnp_provider() line 496 
01-15 00:27:06.101 E/LocSvc_libulp(  836): I/===> bool ulp_gnp_engine_running() line 59 
01-15 00:27:06.101 E/LocSvc_libulp(  836): I/===> int ulp_gnp_stop_engine() line 195 
01-15 00:27:06.101 E/LocSvc_libulp(  836): I/===> bool ulp_gnp_engine_running() line 59 
01-15 00:27:06.101 E/LocSvc_libulp(  836): I/===> bool ulp_gnp_engine_running() line 59 
01-15 00:27:06.101 E/LocSvc_libulp(  836): I/===> int ulp_brain_turn_onoff_zpp_provider() line 437 
01-15 00:27:06.101 E/LocSvc_libulp(  836): I/===> int ulp_zpp_start_engine() line 98 
01-15 00:27:06.101 E/LocSvc_libulp(  836): I/===> bool ulp_zpp_engine_running() line 62 
01-15 00:27:06.102 E/LocSvc_libulp(  836): I/===> int ulp_msg_process_start_req() line 447 
01-15 00:27:06.102 E/LocSvc_libulp(  836): I/int ulp_msg_process_start_req(), at ulp state = 1
01-15 00:27:06.108 E/LocSvc_api_v02(  836): I/---> locClientSendReq line 2436 QMI_LOC_GET_BEST_AVAILABLE_POSITION_REQ_V02
01-15 00:27:06.110 E/LocSvc_ApiV02(  836): I/<--- void globalRespCb(locClientHandleType, uint32_t, locClientRespIndUnionType, void*) line 106 QMI_LOC_GET_BEST_AVAILABLE_POSITION_REQ_V02
01-15 00:27:06.112 E/LocSvc_libulp(  836): I/===> int ulp_brain_process_zpp_position_report(loc_sess_status, LocPosTechMask, const UlpLocation*) line 1473 
01-15 00:27:06.112 E/LocSvc_libulp(  836): I/int ulp_brain_process_zpp_position_report(loc_sess_status, LocPosTechMask, const UlpLocation*), report ZPP position to providers,report_position = 0
01-15 00:27:06.112 E/LocSvc_libulp(  836): I/===> int ulp_brain_select_providers() line 333 
01-15 00:27:06.112 E/LocSvc_libulp(  836): I/===> int ulp_brain_turn_onoff_quipc_provider() line 700 
01-15 00:27:06.112 E/LocSvc_libulp(  836): I/===> int ulp_quipc_stop_engine() line 235 
01-15 00:27:06.112 E/LocSvc_libulp(  836): I/===> bool ulp_quipc_engine_running() line 60 
01-15 00:27:06.112 E/LocSvc_libulp(  836): I/===> int ulp_brain_turn_onoff_gnss_provider() line 595 
01-15 00:27:06.112 E/LocSvc_libulp(  836): I/===> int ulp_gnss_stop_engine() line 262 
01-15 00:27:06.112 E/LocSvc_libulp(  836): I/===> bool ulp_quipc_engine_running() line 60 
01-15 00:27:06.112 E/LocSvc_libulp(  836): I/===> int ulp_brain_turn_onoff_gnp_provider() line 496 
01-15 00:27:06.112 E/LocSvc_libulp(  836): I/===> bool ulp_gnp_engine_running() line 59 
01-15 00:27:06.112 E/LocSvc_libulp(  836): I/===> int ulp_gnp_stop_engine() line 195 
01-15 00:27:06.112 E/LocSvc_libulp(  836): I/===> bool ulp_gnp_engine_running() line 59 
01-15 00:27:06.112 E/LocSvc_libulp(  836): I/===> bool ulp_gnp_engine_running() line 59 
01-15 00:27:06.112 E/LocSvc_libulp(  836): I/===> int ulp_brain_turn_onoff_zpp_provider() line 437 
01-15 00:27:06.112 E/LocSvc_libulp(  836): I/===> int ulp_zpp_stop_engine() line 174 
01-15 00:27:06.112 E/LocSvc_libulp(  836): I/===> bool ulp_zpp_engine_running() line 62 
01-15 00:27:07.830 D/wpa_supplicant(26266): wlan0: Control interface command 'SIGNAL_POLL'
01-15 00:27:07.843 V/WLAN_PSA(  240): NL MSG, len[4074], NL type[0x1C] WNI type[0x5900] len[53775]
01-15 00:27:07.843 V/WLAN_PSA(  240): NL MSG, PID: 240
01-15 00:27:09.424 V/WLAN_PSA(  240): NL MSG, len[048], NL type[0x11] WNI type[0x5050] len[028]
01-15 00:27:09.424 V/WLAN_PSA(  240): NL MSG, PID: 240
01-15 00:27:09.439 I/art     ( 1113): Explicit concurrent mark sweep GC freed 5231(304KB) AllocSpace objects, 0(0B) LOS objects, 39% free, 6MB/11MB, paused 1.507ms total 53.908ms
01-15 00:27:10.850 D/wpa_supplicant(26266): wlan0: Control interface command 'SIGNAL_POLL'
01-15 00:27:12.241 D/UiautomatorThriftService(31669): processClick(Class viewClass,int idType, String id): class android.widget.TextView, 1, new.apk
01-15 00:27:12.241 E/UiautomatorThriftService(31669): id is:new.apk
01-15 00:27:12.242 D/QueryController(31669): Searching: UiSelector[START_TEXT=new.apk, SUBCLASS=android.widget.TextView]
01-15 00:27:12.252 D/UiSelector(31669): matchOrUpdateInstance
01-15 00:27:12.253 D/UiSelector(31669): verify
01-15 00:27:12.253 D/QueryController(31669): . . [0]: UiSelector[START_TEXT=new.apk, SUBCLASS=android.widget.TextView]
01-15 00:27:12.253 I/QueryController(31669): Matched selector: UiSelector[START_TEXT=new.apk, SUBCLASS=android.widget.TextView] <<==>> [android.view.accessibility.AccessibilityNodeInfo@80024b78; boundsInParent: Rect(0, 0 - 98, 37); boundsInScreen: Rect(137, 170 - 235, 207); packageName: com.qualcomm.qti.explorer; className: android.widget.TextView; text: new.apk; error: null; maxTextLength: -1; contentDescription: null; viewIdResName: com.qualcomm.qti.explorer:id/text; checkable: false; checked: false; focusable: false; focused: false; selected: false; clickable: false; longClickable: false; enabled: true; password: false; scrollable: false; actions: [AccessibilityAction: ACTION_SELECT - null, AccessibilityAction: ACTION_CLEAR_SELECTION - null, AccessibilityAction: ACTION_ACCESSIBILITY_FOCUS - null, AccessibilityAction: ACTION_NEXT_AT_MOVEMENT_GRANULARITY - null, AccessibilityAction: ACTION_PREVIOUS_AT_MOVEMENT_GRANULARITY - null, AccessibilityAction: ACTION_SET_SELECTION - null]]
01-15 00:27:12.254 D/QueryController(31669): Searching: UiSelector[START_TEXT=new.apk, SUBCLASS=android.widget.TextView]
01-15 00:27:12.267 D/UiSelector(31669): matchOrUpdateInstance
01-15 00:27:12.267 D/UiSelector(31669): verify
01-15 00:27:12.267 D/QueryController(31669): . . [0]: UiSelector[START_TEXT=new.apk, SUBCLASS=android.widget.TextView]
01-15 00:27:12.268 I/QueryController(31669): Matched selector: UiSelector[START_TEXT=new.apk, SUBCLASS=android.widget.TextView] <<==>> [android.view.accessibility.AccessibilityNodeInfo@80024b78; boundsInParent: Rect(0, 0 - 98, 37); boundsInScreen: Rect(137, 170 - 235, 207); packageName: com.qualcomm.qti.explorer; className: android.widget.TextView; text: new.apk; error: null; maxTextLength: -1; contentDescription: null; viewIdResName: com.qualcomm.qti.explorer:id/text; checkable: false; checked: false; focusable: false; focused: false; selected: false; clickable: false; longClickable: false; enabled: true; password: false; scrollable: false; actions: [AccessibilityAction: ACTION_SELECT - null, AccessibilityAction: ACTION_CLEAR_SELECTION - null, AccessibilityAction: ACTION_ACCESSIBILITY_FOCUS - null, AccessibilityAction: ACTION_NEXT_AT_MOVEMENT_GRANULARITY - null, AccessibilityAction: ACTION_PREVIOUS_AT_MOVEMENT_GRANULARITY - null, AccessibilityAction: ACTION_SET_SELECTION - null]]
01-15 00:27:12.274 D/InteractionController(31669): clickAndSync(186, 188)
01-15 00:27:12.486 E/AudioPolicyManager(  233): unknown stream type
01-15 00:27:12.498 D/audio_hw_primary(  233): start_output_stream: enter: stream(0xb7319fe0)usecase(1: low-latency-playback) devices(0x1)
01-15 00:27:12.498 D/audio_hw_primary(  233): select_devices: out_snd_device(1: handset) in_snd_device(0: )
01-15 00:27:12.498 D/hardware_info(  233): hw_info_append_hw_type : device_name = handset
01-15 00:27:12.498 I/soundtrigger(  233): audio_extn_sound_trigger_update_device_status: device 0x1 of type 0 for Event 1, with Raise=0
01-15 00:27:12.507 W/audio_hw_utils(  233): audio_extn_utils_update_stream_app_type_cfg: App type could not be selected. Falling back to default
01-15 00:27:12.507 I/audio_hw_primary(  233): select_devices Selected apptype: 69936
01-15 00:27:12.507 D/soundtrigger(  233): audio_extn_sound_trigger_update_stream_status: uc_id 1 of type 0 for Event 3, with Raise=0
01-15 00:27:12.507 D/ACDB-LOADER(  233): ACDB -> send_audio_cal, acdb_id = 7, path =  0
01-15 00:27:12.507 D/ACDB-LOADER(  233): ACDB -> send_asm_topology
01-15 00:27:12.508 D/ACDB-LOADER(  233): ACDB -> ACDB_CMD_GET_AUDPROC_STREAM_TOPOLOGY_ID
01-15 00:27:12.508 D/ACDB-LOADER(  233): ACDB -> send_adm_topology
01-15 00:27:12.508 D/ACDB-LOADER(  233): ACDB -> ACDB_CMD_GET_AUDPROC_COMMON_TOPOLOGY_ID
01-15 00:27:12.508 D/ACDB-LOADER(  233): ACDB -> send_audtable
01-15 00:27:12.508 D/ACDB-LOADER(  233): ACDB -> ACDB_CMD_GET_AUDPROC_COMMON_TABLE
01-15 00:27:12.508 D/ACDB-LOADER(  233): ACDB -> AUDIO_SET_AUDPROC_CAL
01-15 00:27:12.508 D/ACDB-LOADER(  233): ACDB -> send_audvoltable
01-15 00:27:12.508 D/ACDB-LOADER(  233): ACDB -> ACDB_CMD_GET_AUDPROC_GAIN_DEP_STEP_TABLE
01-15 00:27:12.508 D/ACDB-LOADER(  233): ACDB -> AUDIO_SET_AUDPROC_VOL_CAL
01-15 00:27:12.508 D/ACDB-LOADER(  233): ACDB -> send_afe_cal
01-15 00:27:12.508 D/ACDB-LOADER(  233): ACDB -> ACDB_CMD_GET_AFE_COMMON_TABLE
01-15 00:27:12.508 D/        (  233): Failed to fetch the lookup information of the device 00000007 
01-15 00:27:12.508 E/ACDB-LOADER(  233): Error: ACDB AFE returned = -19
01-15 00:27:12.508 D/ACDB-LOADER(  233): ACDB -> AUDIO_SET_AFE_CAL
01-15 00:27:12.508 D/ACDB-LOADER(  233): ACDB -> send_hw_delay : acdb_id = 7 path = 0
01-15 00:27:12.508 D/ACDB-LOADER(  233): ACDB -> ACDB_AVSYNC_INFO: ACDB_CMD_GET_DEVICE_PROPERTY
01-15 00:27:12.509 I/audio_hw_utils(  233): audio_extn_utils_send_app_type_cfg app_type 69936, acdb_dev_id 7, sample_rate 48000
01-15 00:27:12.510 D/audio_hw_primary(  233): select_devices: done
01-15 00:27:12.533 W/System.err(21736): java.lang.NoSuchMethodException: <init> [class java.lang.String]
01-15 00:27:12.533 W/System.err(21736): 	at java.lang.Class.getConstructor(Class.java:531)
01-15 00:27:12.533 W/System.err(21736): 	at java.lang.Class.getConstructor(Class.java:495)
01-15 00:27:12.533 W/System.err(21736): 	at com.qualcomm.qti.explorer.FileAdapter.loadApkInfo(FileAdapter.java:294)
01-15 00:27:12.533 W/System.err(21736): 	at com.qualcomm.qti.explorer.FileAdapter$ApkInfoLoaderTask.doInBackground(FileAdapter.java:410)
01-15 00:27:12.533 W/System.err(21736): 	at com.qualcomm.qti.explorer.FileAdapter$ApkInfoLoaderTask.doInBackground(FileAdapter.java:398)
01-15 00:27:12.533 W/System.err(21736): 	at android.os.AsyncTask$2.call(AsyncTask.java:288)
01-15 00:27:12.534 W/System.err(21736): 	at java.util.concurrent.FutureTask.run(FutureTask.java:237)
01-15 00:27:12.534 W/System.err(21736): 	at android.os.AsyncTask$SerialExecutor$1.run(AsyncTask.java:231)
01-15 00:27:12.537 W/System.err(21736): 	at java.util.concurrent.ThreadPoolExecutor.runWorker(ThreadPoolExecutor.java:1112)
01-15 00:27:12.537 W/System.err(21736): 	at java.util.concurrent.ThreadPoolExecutor$Worker.run(ThreadPoolExecutor.java:587)
01-15 00:27:12.537 W/System.err(21736): 	at java.lang.Thread.run(Thread.java:818)
01-15 00:27:12.670 E/AudioPolicyManager(  233): unknown stream type
01-15 00:27:12.670 E/AudioPolicyManager(  233): unknown stream type
01-15 00:27:12.670 E/AudioPolicyManager(  233): unknown stream type
01-15 00:27:12.670 E/AudioPolicyManager(  233): unknown stream type
01-15 00:27:12.804 I/art     (31743): Background sticky concurrent mark sweep GC freed 7185(442KB) AllocSpace objects, 3(44KB) LOS objects, 48% free, 589KB/1138KB, paused 5.110ms total 25.414ms
01-15 00:27:13.147 W/art     (31743): Suspending all threads took: 7.539ms
01-15 00:27:13.152 I/art     (31743): Background partial concurrent mark sweep GC freed 5974(358KB) AllocSpace objects, 0(0B) LOS objects, 58% free, 718KB/1742KB, paused 9.395ms total 38.056ms
01-15 00:27:13.198 D/OpenGLRenderer(31743): Render dirty regions requested: true
01-15 00:27:13.209 D/Atlas   (31743): Validating map...
01-15 00:27:13.293 I/Adreno-EGL(31743): <qeglDrvAPI_eglInitialize:379>: EGL 1.4 QUALCOMM build: AU_LINUX_ANDROID_LA.BR64.1.1.1_RB1.04.04.03.008.006_msm8916_32_LA.BR64.1.1.1_RB1__release_AU ()
01-15 00:27:13.293 I/Adreno-EGL(31743): OpenGL ES Shader Compiler Version: E031.25.01.03
01-15 00:27:13.293 I/Adreno-EGL(31743): Build Date: 10/30/14 Thu
01-15 00:27:13.293 I/Adreno-EGL(31743): Local Branch: 
01-15 00:27:13.293 I/Adreno-EGL(31743): Remote Branch: quic/LA.BR64.1.1.1_rb1.2
01-15 00:27:13.293 I/Adreno-EGL(31743): Local Patches: NONE
01-15 00:27:13.293 I/Adreno-EGL(31743): Reconstruct Branch: AU_LINUX_ANDROID_LA.BR64.1.1.1_RB1.04.04.03.008.006 +  NOTHING
01-15 00:27:13.298 I/OpenGLRenderer(31743): Initialized EGL, version 1.4
01-15 00:27:13.321 D/OpenGLRenderer(31743): Enabling debug mode 0
01-15 00:27:13.396 V/RenderScript(31743): Application requested CPU execution
01-15 00:27:13.410 V/RenderScript(31743): 0xb7f392d8 Launching thread(s), CPUs 4
01-15 00:27:13.469 I/ActivityManager(  836): Displayed com.android.packageinstaller/.PackageInstallerActivity: +902ms
01-15 00:27:13.469 I/Timeline(  836): Timeline: Activity_windows_visible id: ActivityRecord{3de655bf u0 com.android.packageinstaller/.PackageInstallerActivity t17} time:80828536
01-15 00:27:13.534 I/Timeline(31743): Timeline: Activity_idle id: android.os.BinderProxy@5a16e28 time:80828600
01-15 00:27:13.873 D/wpa_supplicant(26266): wlan0: Control interface command 'SIGNAL_POLL'
01-15 00:27:14.114 V/WLAN_PSA(  240): NL MSG, len[4024], NL type[0x1C] WNI type[0x5900] len[40975]
01-15 00:27:14.114 V/WLAN_PSA(  240): NL MSG, PID: 240
01-15 00:27:14.434 V/WLAN_PSA(  240): NL MSG, len[048], NL type[0x11] WNI type[0x5050] len[028]
01-15 00:27:14.434 V/WLAN_PSA(  240): NL MSG, PID: 240
01-15 00:27:14.526 D/UiautomatorThriftService(31669): processSearchText
01-15 00:27:14.527 D/QueryController(31669): Searching: UiSelector[START_TEXT=Next, SUBCLASS=android.widget.TextView]
01-15 00:27:14.672 I/art     (  836): Explicit concurrent mark sweep GC freed 7722(350KB) AllocSpace objects, 0(0B) LOS objects, 33% free, 15MB/23MB, paused 1.877ms total 102.191ms
01-15 00:27:14.730 V/QueryController(31669): Skipping invisible child: android.view.accessibility.AccessibilityNodeInfo@8000fd68; boundsInParent: Rect(0, 0 - 0, 0); boundsInScreen: Rect(0, 408 - 0, 408); packageName: com.android.packageinstaller; className: android.widget.FrameLayout; text: null; error: null; maxTextLength: -1; contentDescription: null; viewIdResName: android:id/tabcontent; checkable: false; checked: false; focusable: false; focused: false; selected: false; clickable: false; longClickable: false; enabled: true; password: false; scrollable: false; actions: [AccessibilityAction: ACTION_SELECT - null, AccessibilityAction: ACTION_CLEAR_SELECTION - null, AccessibilityAction: ACTION_ACCESSIBILITY_FOCUS - null]
01-15 00:27:14.744 V/QueryController(31669): Skipping invisible child: android.view.accessibility.AccessibilityNodeInfo@80010c6c; boundsInParent: Rect(0, 0 - 480, 373); boundsInScreen: Rect(480, 408 - 960, 781); packageName: com.android.packageinstaller; className: android.widget.ScrollView; text: null; error: null; maxTextLength: -1; contentDescription: null; viewIdResName: com.android.packageinstaller:id/scrollview; checkable: false; checked: false; focusable: true; focused: false; selected: false; clickable: false; longClickable: false; enabled: true; password: false; scrollable: true; actions: [AccessibilityAction: ACTION_FOCUS - null, AccessibilityAction: ACTION_SELECT - null, AccessibilityAction: ACTION_CLEAR_SELECTION - null, AccessibilityAction: ACTION_ACCESSIBILITY_FOCUS - null, AccessibilityAction: ACTION_SCROLL_FORWARD - null]
01-15 00:27:14.744 D/QueryController(31669): Container selector not found: UiSelector[START_TEXT=Next, SUBCLASS=android.widget.TextView]
01-15 00:27:14.745 W/art     (31669): Long monitor contention event with owner method=android.view.accessibility.AccessibilityNodeInfo com.android.uiautomator.core.QueryController.findAccessibilityNodeInfo(com.android.uiautomator.core.UiSelector, boolean) from QueryController.java:162 waiters=0 for 189ms
01-15 00:27:14.746 I/UiDevice(31669):  watcher3-- name:,and mInWatcherContext  == true com.android.systemui
01-15 00:27:14.746 D/TestCaseProcessor(31669): check For Condition id :level_percent
01-15 00:27:14.746 D/TestCaseProcessor(31669): findUiObject
01-15 00:27:15.241 D/QueryController(31669): Searching: UiSelector[RESOURCE_ID=level_percent]
01-15 00:27:15.262 D/UiSelector(31669): resourcename=null
01-15 00:27:15.262 D/UiSelector(31669): criterion=level_percent
01-15 00:27:15.262 D/UiSelector(31669): resourcename=null
01-15 00:27:15.262 D/UiSelector(31669): criterion=level_percent
01-15 00:27:15.262 D/UiSelector(31669): resourcename=android:id/content
01-15 00:27:15.262 D/UiSelector(31669): criterion=level_percent
01-15 00:27:15.262 D/UiSelector(31669): resourcename=null
01-15 00:27:15.262 D/UiSelector(31669): criterion=level_percent
01-15 00:27:15.262 D/UiSelector(31669): resourcename=com.android.packageinstaller:id/app_snippet
01-15 00:27:15.262 D/UiSelector(31669): criterion=level_percent
01-15 00:27:15.262 D/UiSelector(31669): resourcename=com.android.packageinstaller:id/app_icon
01-15 00:27:15.262 D/UiSelector(31669): criterion=level_percent
01-15 00:27:15.262 D/UiSelector(31669): resourcename=com.android.packageinstaller:id/app_name
01-15 00:27:15.262 D/UiSelector(31669): criterion=level_percent
01-15 00:27:15.262 D/UiSelector(31669): resourcename=com.android.packageinstaller:id/top_divider
01-15 00:27:15.262 D/UiSelector(31669): criterion=level_percent
01-15 00:27:15.262 D/UiSelector(31669): resourcename=com.android.packageinstaller:id/progress_bar
01-15 00:27:15.262 D/UiSelector(31669): criterion=level_percent
01-15 00:27:15.262 D/UiSelector(31669): resourcename=com.android.packageinstaller:id/install_confirm_panel
01-15 00:27:15.262 D/UiSelector(31669): criterion=level_percent
01-15 00:27:15.262 D/UiSelector(31669): resourcename=com.android.packageinstaller:id/install_confirm_question
01-15 00:27:15.262 D/UiSelector(31669): criterion=level_percent
01-15 00:27:15.262 D/UiSelector(31669): resourcename=android:id/tabhost
01-15 00:27:15.262 D/UiSelector(31669): criterion=level_percent
01-15 00:27:15.262 D/UiSelector(31669): resourcename=null
01-15 00:27:15.262 D/UiSelector(31669): criterion=level_percent
01-15 00:27:15.262 D/UiSelector(31669): resourcename=com.android.packageinstaller:id/tabscontainer
01-15 00:27:15.262 D/UiSelector(31669): criterion=level_percent
01-15 00:27:15.262 D/UiSelector(31669): resourcename=null
01-15 00:27:15.262 D/UiSelector(31669): criterion=level_percent
01-15 00:27:15.262 D/UiSelector(31669): resourcename=android:id/tabs
01-15 00:27:15.263 D/UiSelector(31669): criterion=level_percent
01-15 00:27:15.263 D/UiSelector(31669): resourcename=null
01-15 00:27:15.263 D/UiSelector(31669): criterion=level_percent
01-15 00:27:15.263 D/UiSelector(31669): resourcename=android:id/title
01-15 00:27:15.263 D/UiSelector(31669): criterion=level_percent
01-15 00:27:15.263 D/UiSelector(31669): resourcename=null
01-15 00:27:15.263 D/UiSelector(31669): criterion=level_percent
01-15 00:27:15.263 D/UiSelector(31669): resourcename=android:id/title
01-15 00:27:15.263 D/UiSelector(31669): criterion=level_percent
01-15 00:27:15.263 V/QueryController(31669): Skipping invisible child: android.view.accessibility.AccessibilityNodeInfo@8000fd68; boundsInParent: Rect(0, 0 - 0, 0); boundsInScreen: Rect(0, 408 - 0, 408); packageName: com.android.packageinstaller; className: android.widget.FrameLayout; text: null; error: null; maxTextLength: -1; contentDescription: null; viewIdResName: android:id/tabcontent; checkable: false; checked: false; focusable: false; focused: false; selected: false; clickable: false; longClickable: false; enabled: true; password: false; scrollable: false; actions: [AccessibilityAction: ACTION_SELECT - null, AccessibilityAction: ACTION_CLEAR_SELECTION - null, AccessibilityAction: ACTION_ACCESSIBILITY_FOCUS - null]
01-15 00:27:15.263 D/UiSelector(31669): resourcename=com.android.packageinstaller:id/pager
01-15 00:27:15.263 D/UiSelector(31669): criterion=level_percent
01-15 00:27:15.263 D/UiSelector(31669): resourcename=null
01-15 00:27:15.263 D/UiSelector(31669): criterion=level_percent
01-15 00:27:15.263 D/UiSelector(31669): resourcename=null
01-15 00:27:15.263 D/UiSelector(31669): criterion=level_percent
01-15 00:27:15.263 V/QueryController(31669): Skipping invisible child: android.view.accessibility.AccessibilityNodeInfo@80010c6c; boundsInParent: Rect(0, 0 - 480, 373); boundsInScreen: Rect(480, 408 - 960, 781); packageName: com.android.packageinstaller; className: android.widget.ScrollView; text: null; error: null; maxTextLength: -1; contentDescription: null; viewIdResName: com.android.packageinstaller:id/scrollview; checkable: false; checked: false; focusable: true; focused: false; selected: false; clickable: false; longClickable: false; enabled: true; password: false; scrollable: true; actions: [AccessibilityAction: ACTION_FOCUS - null, AccessibilityAction: ACTION_SELECT - null, AccessibilityAction: ACTION_CLEAR_SELECTION - null, AccessibilityAction: ACTION_ACCESSIBILITY_FOCUS - null, AccessibilityAction: ACTION_SCROLL_FORWARD - null]
01-15 00:27:15.264 D/UiSelector(31669): resourcename=null
01-15 00:27:15.264 D/UiSelector(31669): criterion=level_percent
01-15 00:27:15.264 D/UiSelector(31669): resourcename=null
01-15 00:27:15.264 D/UiSelector(31669): criterion=level_percent
01-15 00:27:15.264 D/UiSelector(31669): resourcename=com.android.packageinstaller:id/cancel_button
01-15 00:27:15.264 D/UiSelector(31669): criterion=level_percent
01-15 00:27:15.264 D/UiSelector(31669): resourcename=com.android.packageinstaller:id/ok_button
01-15 00:27:15.264 D/UiSelector(31669): criterion=level_percent
01-15 00:27:15.264 D/UiSelector(31669): resourcename=android:id/statusBarBackground
01-15 00:27:15.264 D/UiSelector(31669): criterion=level_percent
01-15 00:27:15.264 D/QueryController(31669): Container selector not found: UiSelector[RESOURCE_ID=level_percent]
01-15 00:27:15.264 E/UiObject(31669): we will NOT run watchers or do any sort of polling if we have runing watcher
01-15 00:27:15.264 D/TestCaseProcessor(31669): UiWatcher UiObjectNotFoundException.
01-15 00:27:15.264 I/UiDevice(31669):  watcher4 -- false Condition: com.android.systemui
01-15 00:27:15.264 I/UiDevice(31669):  watcher5-- name:,and mInWatcherContext  == false com.android.systemui
01-15 00:27:15.639 D/audio_hw_primary(  233): out_standby: enter: stream (0xb7319fe0) usecase(1: low-latency-playback)
01-15 00:27:15.724 D/soundtrigger(  233): audio_extn_sound_trigger_update_stream_status: uc_id 1 of type 0 for Event 2, with Raise=0
01-15 00:27:15.724 D/hardware_info(  233): hw_info_append_hw_type : device_name = handset
01-15 00:27:15.732 I/soundtrigger(  233): audio_extn_sound_trigger_update_device_status: device 0x1 of type 0 for Event 0, with Raise=0
01-15 00:27:16.101 E/LocSvc_libulp(  836): I/===> int ulp_msg_process_system_update(UlpSystemEvent) line 1455 
01-15 00:27:16.101 E/LocSvc_libulp(  836): I/int ulp_msg_process_system_update(UlpSystemEvent): systemEvent:5 
01-15 00:27:16.101 E/LocSvc_libulp(  836): I/===> int ulp_brain_process_system_update(UlpSystemEvent) line 2360 
01-15 00:27:16.101 E/LocSvc_libulp(  836): I/===> int ulp_brain_select_providers() line 333 
01-15 00:27:16.101 E/LocSvc_libulp(  836): I/===> int ulp_brain_turn_onoff_quipc_provider() line 700 
01-15 00:27:16.102 E/LocSvc_libulp(  836): I/===> int ulp_quipc_stop_engine() line 235 
01-15 00:27:16.102 E/LocSvc_libulp(  836): I/===> bool ulp_quipc_engine_running() line 60 
01-15 00:27:16.102 E/LocSvc_libulp(  836): I/===> int ulp_brain_turn_onoff_gnss_provider() line 595 
01-15 00:27:16.102 E/LocSvc_libulp(  836): I/===> int ulp_gnss_stop_engine() line 262 
01-15 00:27:16.102 E/LocSvc_libulp(  836): I/===> bool ulp_quipc_engine_running() line 60 
01-15 00:27:16.102 E/LocSvc_libulp(  836): I/===> int ulp_brain_turn_onoff_gnp_provider() line 496 
01-15 00:27:16.102 E/LocSvc_libulp(  836): I/===> bool ulp_gnp_engine_running() line 59 
01-15 00:27:16.102 E/LocSvc_libulp(  836): I/===> int ulp_gnp_stop_engine() line 195 
01-15 00:27:16.102 E/LocSvc_libulp(  836): I/===> bool ulp_gnp_engine_running() line 59 
01-15 00:27:16.102 E/LocSvc_libulp(  836): I/===> bool ulp_gnp_engine_running() line 59 
01-15 00:27:16.102 E/LocSvc_libulp(  836): I/===> int ulp_brain_turn_onoff_zpp_provider() line 437 
01-15 00:27:16.102 E/LocSvc_libulp(  836): I/===> int ulp_zpp_start_engine() line 98 
01-15 00:27:16.102 E/LocSvc_libulp(  836): I/===> bool ulp_zpp_engine_running() line 62 
01-15 00:27:16.102 E/LocSvc_libulp(  836): I/===> int ulp_msg_process_start_req() line 447 
01-15 00:27:16.102 E/LocSvc_libulp(  836): I/int ulp_msg_process_start_req(), at ulp state = 1
01-15 00:27:16.104 E/LocSvc_api_v02(  836): I/---> locClientSendReq line 2436 QMI_LOC_GET_BEST_AVAILABLE_POSITION_REQ_V02
01-15 00:27:16.107 E/LocSvc_ApiV02(  836): I/<--- void globalRespCb(locClientHandleType, uint32_t, locClientRespIndUnionType, void*) line 106 QMI_LOC_GET_BEST_AVAILABLE_POSITION_REQ_V02
01-15 00:27:16.107 E/LocSvc_libulp(  836): I/===> int ulp_brain_process_zpp_position_report(loc_sess_status, LocPosTechMask, const UlpLocation*) line 1473 
01-15 00:27:16.107 E/LocSvc_libulp(  836): I/int ulp_brain_process_zpp_position_report(loc_sess_status, LocPosTechMask, const UlpLocation*), report ZPP position to providers,report_position = 0
01-15 00:27:16.107 E/LocSvc_libulp(  836): I/===> int ulp_brain_select_providers() line 333 
01-15 00:27:16.107 E/LocSvc_libulp(  836): I/===> int ulp_brain_turn_onoff_quipc_provider() line 700 
01-15 00:27:16.107 E/LocSvc_libulp(  836): I/===> int ulp_quipc_stop_engine() line 235 
01-15 00:27:16.107 E/LocSvc_libulp(  836): I/===> bool ulp_quipc_engine_running() line 60 
01-15 00:27:16.107 E/LocSvc_libulp(  836): I/===> int ulp_brain_turn_onoff_gnss_provider() line 595 
01-15 00:27:16.107 E/LocSvc_libulp(  836): I/===> int ulp_gnss_stop_engine() line 262 
01-15 00:27:16.107 E/LocSvc_libulp(  836): I/===> bool ulp_quipc_engine_running() line 60 
01-15 00:27:16.107 E/LocSvc_libulp(  836): I/===> int ulp_brain_turn_onoff_gnp_provider() line 496 
01-15 00:27:16.107 E/LocSvc_libulp(  836): I/===> bool ulp_gnp_engine_running() line 59 
01-15 00:27:16.107 E/LocSvc_libulp(  836): I/===> int ulp_gnp_stop_engine() line 195 
01-15 00:27:16.107 E/LocSvc_libulp(  836): I/===> bool ulp_gnp_engine_running() line 59 
01-15 00:27:16.107 E/LocSvc_libulp(  836): I/===> bool ulp_gnp_engine_running() line 59 
01-15 00:27:16.107 E/LocSvc_libulp(  836): I/===> int ulp_brain_turn_onoff_zpp_provider() line 437 
01-15 00:27:16.107 E/LocSvc_libulp(  836): I/===> int ulp_zpp_stop_engine() line 174 
01-15 00:27:16.107 E/LocSvc_libulp(  836): I/===> bool ulp_zpp_engine_running() line 62 
01-15 00:27:16.265 D/QueryController(31669): Searching: UiSelector[START_TEXT=Next, SUBCLASS=android.widget.TextView]
01-15 00:27:16.283 V/QueryController(31669): Skipping invisible child: android.view.accessibility.AccessibilityNodeInfo@8000fd68; boundsInParent: Rect(0, 0 - 0, 0); boundsInScreen: Rect(0, 408 - 0, 408); packageName: com.android.packageinstaller; className: android.widget.FrameLayout; text: null; error: null; maxTextLength: -1; contentDescription: null; viewIdResName: android:id/tabcontent; checkable: false; checked: false; focusable: false; focused: false; selected: false; clickable: false; longClickable: false; enabled: true; password: false; scrollable: false; actions: [AccessibilityAction: ACTION_SELECT - null, AccessibilityAction: ACTION_CLEAR_SELECTION - null, AccessibilityAction: ACTION_ACCESSIBILITY_FOCUS - null]
01-15 00:27:16.283 V/QueryController(31669): Skipping invisible child: android.view.accessibility.AccessibilityNodeInfo@80010c6c; boundsInParent: Rect(0, 0 - 480, 373); boundsInScreen: Rect(480, 408 - 960, 781); packageName: com.android.packageinstaller; className: android.widget.ScrollView; text: null; error: null; maxTextLength: -1; contentDescription: null; viewIdResName: com.android.packageinstaller:id/scrollview; checkable: false; checked: false; focusable: true; focused: false; selected: false; clickable: false; longClickable: false; enabled: true; password: false; scrollable: true; actions: [AccessibilityAction: ACTION_FOCUS - null, AccessibilityAction: ACTION_SELECT - null, AccessibilityAction: ACTION_CLEAR_SELECTION - null, AccessibilityAction: ACTION_ACCESSIBILITY_FOCUS - null, AccessibilityAction: ACTION_SCROLL_FORWARD - null]
01-15 00:27:16.283 D/QueryController(31669): Container selector not found: UiSelector[START_TEXT=Next, SUBCLASS=android.widget.TextView]
01-15 00:27:16.284 I/UiDevice(31669):  watcher3-- name:,and mInWatcherContext  == true com.android.systemui
01-15 00:27:16.284 D/TestCaseProcessor(31669): check For Condition id :level_percent
01-15 00:27:16.284 D/TestCaseProcessor(31669): findUiObject
01-15 00:27:16.285 D/QueryController(31669): Searching: UiSelector[RESOURCE_ID=level_percent]
01-15 00:27:16.304 D/UiSelector(31669): resourcename=null
01-15 00:27:16.304 D/UiSelector(31669): criterion=level_percent
01-15 00:27:16.305 D/UiSelector(31669): resourcename=null
01-15 00:27:16.305 D/UiSelector(31669): criterion=level_percent
01-15 00:27:16.305 D/UiSelector(31669): resourcename=android:id/content
01-15 00:27:16.305 D/UiSelector(31669): criterion=level_percent
01-15 00:27:16.305 D/UiSelector(31669): resourcename=null
01-15 00:27:16.305 D/UiSelector(31669): criterion=level_percent
01-15 00:27:16.305 D/UiSelector(31669): resourcename=com.android.packageinstaller:id/app_snippet
01-15 00:27:16.305 D/UiSelector(31669): criterion=level_percent
01-15 00:27:16.305 D/UiSelector(31669): resourcename=com.android.packageinstaller:id/app_icon
01-15 00:27:16.305 D/UiSelector(31669): criterion=level_percent
01-15 00:27:16.305 D/UiSelector(31669): resourcename=com.android.packageinstaller:id/app_name
01-15 00:27:16.305 D/UiSelector(31669): criterion=level_percent
01-15 00:27:16.305 D/UiSelector(31669): resourcename=com.android.packageinstaller:id/top_divider
01-15 00:27:16.305 D/UiSelector(31669): criterion=level_percent
01-15 00:27:16.305 D/UiSelector(31669): resourcename=com.android.packageinstaller:id/progress_bar
01-15 00:27:16.305 D/UiSelector(31669): criterion=level_percent
01-15 00:27:16.305 D/UiSelector(31669): resourcename=com.android.packageinstaller:id/install_confirm_panel
01-15 00:27:16.305 D/UiSelector(31669): criterion=level_percent
01-15 00:27:16.305 D/UiSelector(31669): resourcename=com.android.packageinstaller:id/install_confirm_question
01-15 00:27:16.305 D/UiSelector(31669): criterion=level_percent
01-15 00:27:16.305 D/UiSelector(31669): resourcename=android:id/tabhost
01-15 00:27:16.305 D/UiSelector(31669): criterion=level_percent
01-15 00:27:16.305 D/UiSelector(31669): resourcename=null
01-15 00:27:16.305 D/UiSelector(31669): criterion=level_percent
01-15 00:27:16.305 D/UiSelector(31669): resourcename=com.android.packageinstaller:id/tabscontainer
01-15 00:27:16.305 D/UiSelector(31669): criterion=level_percent
01-15 00:27:16.305 D/UiSelector(31669): resourcename=null
01-15 00:27:16.305 D/UiSelector(31669): criterion=level_percent
01-15 00:27:16.306 D/UiSelector(31669): resourcename=android:id/tabs
01-15 00:27:16.306 D/UiSelector(31669): criterion=level_percent
01-15 00:27:16.306 D/UiSelector(31669): resourcename=null
01-15 00:27:16.306 D/UiSelector(31669): criterion=level_percent
01-15 00:27:16.306 D/UiSelector(31669): resourcename=android:id/title
01-15 00:27:16.306 D/UiSelector(31669): criterion=level_percent
01-15 00:27:16.306 D/UiSelector(31669): resourcename=null
01-15 00:27:16.306 D/UiSelector(31669): criterion=level_percent
01-15 00:27:16.306 D/UiSelector(31669): resourcename=android:id/title
01-15 00:27:16.306 D/UiSelector(31669): criterion=level_percent
01-15 00:27:16.306 V/QueryController(31669): Skipping invisible child: android.view.accessibility.AccessibilityNodeInfo@8000fd68; boundsInParent: Rect(0, 0 - 0, 0); boundsInScreen: Rect(0, 408 - 0, 408); packageName: com.android.packageinstaller; className: android.widget.FrameLayout; text: null; error: null; maxTextLength: -1; contentDescription: null; viewIdResName: android:id/tabcontent; checkable: false; checked: false; focusable: false; focused: false; selected: false; clickable: false; longClickable: false; enabled: true; password: false; scrollable: false; actions: [AccessibilityAction: ACTION_SELECT - null, AccessibilityAction: ACTION_CLEAR_SELECTION - null, AccessibilityAction: ACTION_ACCESSIBILITY_FOCUS - null]
01-15 00:27:16.306 D/UiSelector(31669): resourcename=com.android.packageinstaller:id/pager
01-15 00:27:16.306 D/UiSelector(31669): criterion=level_percent
01-15 00:27:16.306 D/UiSelector(31669): resourcename=null
01-15 00:27:16.306 D/UiSelector(31669): criterion=level_percent
01-15 00:27:16.306 D/UiSelector(31669): resourcename=null
01-15 00:27:16.306 D/UiSelector(31669): criterion=level_percent
01-15 00:27:16.307 V/QueryController(31669): Skipping invisible child: android.view.accessibility.AccessibilityNodeInfo@80010c6c; boundsInParent: Rect(0, 0 - 480, 373); boundsInScreen: Rect(480, 408 - 960, 781); packageName: com.android.packageinstaller; className: android.widget.ScrollView; text: null; error: null; maxTextLength: -1; contentDescription: null; viewIdResName: com.android.packageinstaller:id/scrollview; checkable: false; checked: false; focusable: true; focused: false; selected: false; clickable: false; longClickable: false; enabled: true; password: false; scrollable: true; actions: [AccessibilityAction: ACTION_FOCUS - null, AccessibilityAction: ACTION_SELECT - null, AccessibilityAction: ACTION_CLEAR_SELECTION - null, AccessibilityAction: ACTION_ACCESSIBILITY_FOCUS - null, AccessibilityAction: ACTION_SCROLL_FORWARD - null]
01-15 00:27:16.307 D/UiSelector(31669): resourcename=null
01-15 00:27:16.307 D/UiSelector(31669): criterion=level_percent
01-15 00:27:16.307 D/UiSelector(31669): resourcename=null
01-15 00:27:16.307 D/UiSelector(31669): criterion=level_percent
01-15 00:27:16.307 D/UiSelector(31669): resourcename=com.android.packageinstaller:id/cancel_button
01-15 00:27:16.307 D/UiSelector(31669): criterion=level_percent
01-15 00:27:16.307 D/UiSelector(31669): resourcename=com.android.packageinstaller:id/ok_button
01-15 00:27:16.307 D/UiSelector(31669): criterion=level_percent
01-15 00:27:16.307 D/UiSelector(31669): resourcename=android:id/statusBarBackground
01-15 00:27:16.307 D/UiSelector(31669): criterion=level_percent
01-15 00:27:16.307 D/QueryController(31669): Container selector not found: UiSelector[RESOURCE_ID=level_percent]
01-15 00:27:16.307 E/UiObject(31669): we will NOT run watchers or do any sort of polling if we have runing watcher
01-15 00:27:16.307 D/TestCaseProcessor(31669): UiWatcher UiObjectNotFoundException.
01-15 00:27:16.307 I/UiDevice(31669):  watcher4 -- false Condition: com.android.systemui
01-15 00:27:16.307 I/UiDevice(31669):  watcher5-- name:,and mInWatcherContext  == false com.android.systemui
01-15 00:27:16.892 D/wpa_supplicant(26266): wlan0: Control interface command 'SIGNAL_POLL'
01-15 00:27:17.217 E/WifiStateMachine(  836): WifiStateMachine CMD_START_SCAN source -2 txSuccessRate=0.03 rxSuccessRate=7.59 targetRoamBSSID=any RSSI=-50
01-15 00:27:17.308 E/UiObject(31669): findAccessibilityNodeInfo is timeout.
01-15 00:27:17.308 D/UiautomatorThriftService(31669): ui object not found. id: , idType: -1, valueList: [1, 0, Next, 2]
01-15 00:27:17.329 D/UiautomatorThriftService(31669): processClick(Class viewClass,int idType, String id): class android.widget.Button, 1, Install
01-15 00:27:17.329 E/UiautomatorThriftService(31669): id is:Install
01-15 00:27:17.330 D/QueryController(31669): Searching: UiSelector[START_TEXT=Install, SUBCLASS=android.widget.Button]
01-15 00:27:17.350 V/QueryController(31669): Skipping invisible child: android.view.accessibility.AccessibilityNodeInfo@8000fd68; boundsInParent: Rect(0, 0 - 0, 0); boundsInScreen: Rect(0, 408 - 0, 408); packageName: com.android.packageinstaller; className: android.widget.FrameLayout; text: null; error: null; maxTextLength: -1; contentDescription: null; viewIdResName: android:id/tabcontent; checkable: false; checked: false; focusable: false; focused: false; selected: false; clickable: false; longClickable: false; enabled: true; password: false; scrollable: false; actions: [AccessibilityAction: ACTION_SELECT - null, AccessibilityAction: ACTION_CLEAR_SELECTION - null, AccessibilityAction: ACTION_ACCESSIBILITY_FOCUS - null]
01-15 00:27:17.351 V/QueryController(31669): Skipping invisible child: android.view.accessibility.AccessibilityNodeInfo@80010c6c; boundsInParent: Rect(0, 0 - 480, 373); boundsInScreen: Rect(480, 408 - 960, 781); packageName: com.android.packageinstaller; className: android.widget.ScrollView; text: null; error: null; maxTextLength: -1; contentDescription: null; viewIdResName: com.android.packageinstaller:id/scrollview; checkable: false; checked: false; focusable: true; focused: false; selected: false; clickable: false; longClickable: false; enabled: true; password: false; scrollable: true; actions: [AccessibilityAction: ACTION_FOCUS - null, AccessibilityAction: ACTION_SELECT - null, AccessibilityAction: ACTION_CLEAR_SELECTION - null, AccessibilityAction: ACTION_ACCESSIBILITY_FOCUS - null, AccessibilityAction: ACTION_SCROLL_FORWARD - null]
01-15 00:27:17.351 D/UiSelector(31669): matchOrUpdateInstance
01-15 00:27:17.351 D/UiSelector(31669): verify
01-15 00:27:17.352 D/QueryController(31669): . . [0]: UiSelector[START_TEXT=Install, SUBCLASS=android.widget.Button]
