01-15 00:27:17.352 I/QueryController(31669): Matched selector: UiSelector[START_TEXT=Install, SUBCLASS=android.widget.Button] <<==>> [android.view.accessibility.AccessibilityNodeInfo@80007a05; boundsInParent: Rect(0, 0 - 240, 72); boundsInScreen: Rect(240, 782 - 480, 854); packageName: com.android.packageinstaller; className: android.widget.Button; text: Install; error: null; maxTextLength: -1; contentDescription: null; viewIdResName: com.android.packageinstaller:id/ok_button; checkable: false; checked: false; focusable: true; focused: false; selected: false; clickable: true; longClickable: false; enabled: true; password: false; scrollable: false; actions: [AccessibilityAction: ACTION_FOCUS - null, AccessibilityAction: ACTION_SELECT - null, AccessibilityAction: ACTION_CLEAR_SELECTION - null, AccessibilityAction: ACTION_CLICK - null, AccessibilityAction: ACTION_ACCESSIBILITY_FOCUS - null, AccessibilityAction: ACTION_NEXT_AT_MOVEMENT_GRANULARITY - null, AccessibilityAction: ACTION_PREVIOUS_AT_MOVEMENT_GRANULARITY - null, AccessibilityAction: ACTION_SET_SELECTION - null]]
01-15 00:27:17.353 D/QueryController(31669): Searching: UiSelector[START_TEXT=Install, SUBCLASS=android.widget.Button]
01-15 00:27:17.366 V/QueryController(31669): Skipping invisible child: android.view.accessibility.AccessibilityNodeInfo@8000fd68; boundsInParent: Rect(0, 0 - 0, 0); boundsInScreen: Rect(0, 408 - 0, 408); packageName: com.android.packageinstaller; className: android.widget.FrameLayout; text: null; error: null; maxTextLength: -1; contentDescription: null; viewIdResName: android:id/tabcontent; checkable: false; checked: false; focusable: false; focused: false; selected: false; clickable: false; longClickable: false; enabled: true; password: false; scrollable: false; actions: [AccessibilityAction: ACTION_SELECT - null, AccessibilityAction: ACTION_CLEAR_SELECTION - null, AccessibilityAction: ACTION_ACCESSIBILITY_FOCUS - null]
01-15 00:27:17.366 V/QueryController(31669): Skipping invisible child: android.view.accessibility.AccessibilityNodeInfo@80010c6c; boundsInParent: Rect(0, 0 - 480, 373); boundsInScreen: Rect(480, 408 - 960, 781); packageName: com.android.packageinstaller; className: android.widget.ScrollView; text: null; error: null; maxTextLength: -1; contentDescription: null; viewIdResName: com.android.packageinstaller:id/scrollview; checkable: false; checked: false; focusable: true; focused: false; selected: false; clickable: false; longClickable: false; enabled: true; password: false; scrollable: true; actions: [AccessibilityAction: ACTION_FOCUS - null, AccessibilityAction: ACTION_SELECT - null, AccessibilityAction: ACTION_CLEAR_SELECTION - null, AccessibilityAction: ACTION_ACCESSIBILITY_FOCUS - null, AccessibilityAction: ACTION_SCROLL_FORWARD - null]
01-15 00:27:17.367 D/UiSelector(31669): matchOrUpdateInstance
01-15 00:27:17.367 D/UiSelector(31669): verify
01-15 00:27:17.367 D/QueryController(31669): . . [0]: UiSelector[START_TEXT=Install, SUBCLASS=android.widget.Button]
01-15 00:27:17.367 I/QueryController(31669): Matched selector: UiSelector[START_TEXT=Install, SUBCLASS=android.widget.Button] <<==>> [android.view.accessibility.AccessibilityNodeInfo@80007a05; boundsInParent: Rect(0, 0 - 240, 72); boundsInScreen: Rect(240, 782 - 480, 854); packageName: com.android.packageinstaller; className: android.widget.Button; text: Install; error: null; maxTextLength: -1; contentDescription: null; viewIdResName: com.android.packageinstaller:id/ok_button; checkable: false; checked: false; focusable: true; focused: false; selected: false; clickable: true; longClickable: false; enabled: true; password: false; scrollable: false; actions: [AccessibilityAction: ACTION_FOCUS - null, AccessibilityAction: ACTION_SELECT - null, AccessibilityAction: ACTION_CLEAR_SELECTION - null, AccessibilityAction: ACTION_CLICK - null, AccessibilityAction: ACTION_ACCESSIBILITY_FOCUS - null, AccessibilityAction: ACTION_NEXT_AT_MOVEMENT_GRANULARITY - null, AccessibilityAction: ACTION_PREVIOUS_AT_MOVEMENT_GRANULARITY - null, AccessibilityAction: ACTION_SET_SELECTION - null]]
01-15 00:27:17.371 D/InteractionController(31669): clickAndSync(360, 818)
01-15 00:27:17.489 E/AudioPolicyManager(  233): unknown stream type
01-15 00:27:17.491 I/Timeline(31743): Timeline: Activity_launch_request id:com.android.packageinstaller time:80832558
01-15 00:27:17.500 D/audio_hw_primary(  233): start_output_stream: enter: stream(0xb7319fe0)usecase(1: low-latency-playback) devices(0x1)
01-15 00:27:17.500 D/audio_hw_primary(  233): select_devices: out_snd_device(1: handset) in_snd_device(0: )
01-15 00:27:17.500 D/hardware_info(  233): hw_info_append_hw_type : device_name = handset
01-15 00:27:17.500 I/soundtrigger(  233): audio_extn_sound_trigger_update_device_status: device 0x1 of type 0 for Event 1, with Raise=0
01-15 00:27:17.505 W/audio_hw_utils(  233): audio_extn_utils_update_stream_app_type_cfg: App type could not be selected. Falling back to default
01-15 00:27:17.505 I/audio_hw_primary(  233): select_devices Selected apptype: 69936
01-15 00:27:17.505 D/soundtrigger(  233): audio_extn_sound_trigger_update_stream_status: uc_id 1 of type 0 for Event 3, with Raise=0
01-15 00:27:17.505 D/ACDB-LOADER(  233): ACDB -> send_audio_cal, acdb_id = 7, path =  0
01-15 00:27:17.505 D/ACDB-LOADER(  233): ACDB -> send_asm_topology
01-15 00:27:17.505 D/ACDB-LOADER(  233): ACDB -> ACDB_CMD_GET_AUDPROC_STREAM_TOPOLOGY_ID
01-15 00:27:17.505 D/ACDB-LOADER(  233): ACDB -> send_adm_topology
01-15 00:27:17.505 D/ACDB-LOADER(  233): ACDB -> ACDB_CMD_GET_AUDPROC_COMMON_TOPOLOGY_ID
01-15 00:27:17.505 D/ACDB-LOADER(  233): ACDB -> send_audtable
01-15 00:27:17.505 D/ACDB-LOADER(  233): ACDB -> ACDB_CMD_GET_AUDPROC_COMMON_TABLE
01-15 00:27:17.505 D/ACDB-LOADER(  233): ACDB -> AUDIO_SET_AUDPROC_CAL
01-15 00:27:17.505 D/ACDB-LOADER(  233): ACDB -> send_audvoltable
01-15 00:27:17.505 D/ACDB-LOADER(  233): ACDB -> ACDB_CMD_GET_AUDPROC_GAIN_DEP_STEP_TABLE
01-15 00:27:17.505 D/ACDB-LOADER(  233): ACDB -> AUDIO_SET_AUDPROC_VOL_CAL
01-15 00:27:17.505 D/ACDB-LOADER(  233): ACDB -> send_afe_cal
01-15 00:27:17.505 D/ACDB-LOADER(  233): ACDB -> ACDB_CMD_GET_AFE_COMMON_TABLE
01-15 00:27:17.505 D/        (  233): Failed to fetch the lookup information of the device 00000007 
01-15 00:27:17.505 E/ACDB-LOADER(  233): Error: ACDB AFE returned = -19
01-15 00:27:17.505 D/ACDB-LOADER(  233): ACDB -> AUDIO_SET_AFE_CAL
01-15 00:27:17.505 D/ACDB-LOADER(  233): ACDB -> send_hw_delay : acdb_id = 7 path = 0
01-15 00:27:17.506 D/ACDB-LOADER(  233): ACDB -> ACDB_AVSYNC_INFO: ACDB_CMD_GET_DEVICE_PROPERTY
01-15 00:27:17.506 I/audio_hw_utils(  233): audio_extn_utils_send_app_type_cfg app_type 69936, acdb_dev_id 7, sample_rate 48000
01-15 00:27:17.507 D/audio_hw_primary(  233): select_devices: done
01-15 00:27:17.557 W/InstallAppProgress(31743): Replacing package:com.yuedong.browser
01-15 00:27:17.633 I/art     (  245): Explicit concurrent mark sweep GC freed 709(30KB) AllocSpace objects, 0(0B) LOS objects, 89% free, 113KB/1137KB, paused 264us total 13.876ms
01-15 00:27:17.648 I/art     (  245): Explicit concurrent mark sweep GC freed 5(160B) AllocSpace objects, 0(0B) LOS objects, 89% free, 113KB/1137KB, paused 282us total 13.443ms
01-15 00:27:17.663 I/art     (  245): Explicit concurrent mark sweep GC freed 5(160B) AllocSpace objects, 0(0B) LOS objects, 89% free, 113KB/1137KB, paused 269us total 14.827ms
01-15 00:27:17.671 E/AudioPolicyManager(  233): unknown stream type
01-15 00:27:17.671 E/AudioPolicyManager(  233): unknown stream type
01-15 00:27:17.671 E/AudioPolicyManager(  233): unknown stream type
01-15 00:27:17.671 E/AudioPolicyManager(  233): unknown stream type
01-15 00:27:17.720 I/ActivityManager(  836): Displayed com.android.packageinstaller/.InstallAppProgress: +199ms
01-15 00:27:17.793 D/OpenGLRenderer(31743): endAllStagingAnimators on 0xb7ef52b0 (RippleDrawable) with handle 0xb7f26830
01-15 00:27:17.815 I/Timeline(31743): Timeline: Activity_idle id: android.os.BinderProxy@162a76f2 time:80832881
01-15 00:27:17.962 I/art     (  836): DexFile_isDexOptNeeded failed to open oat file '/data/dalvik-cache/arm/data@app@com.yuedong.browser-1@base.apk@classes.dex' for file location '/data/app/com.yuedong.browser-1/base.apk': Failed to open oat filename for reading: No such file or directory
01-15 00:27:17.962 I/art     (  836): DexFile_isDexOptNeeded failed to open oat file '/data/app/com.yuedong.browser-1/arm/base.odex' for file location '/data/app/com.yuedong.browser-1/base.apk': Failed to open oat filename for reading: No such file or directory
01-15 00:27:17.962 I/PackageManager(  836): Running dexopt on: /data/app/com.yuedong.browser-1/base.apk pkg=com.yuedong.browser isa=arm vmSafeMode=false
01-15 00:27:17.987 I/dex2oat (31791): /system/bin/dex2oat --zip-fd=5 --zip-location=/data/app/com.yuedong.browser-1/base.apk --oat-fd=6 --oat-location=/data/dalvik-cache/arm/data@app@com.yuedong.browser-1@base.apk@classes.dex --instruction-set=arm --instruction-set-features=default --runtime-arg -Xms64m --runtime-arg -Xmx512m
01-15 00:27:18.102 I/Timeline(  836): Timeline: Activity_windows_visible id: ActivityRecord{17540bc1 u0 com.android.packageinstaller/.InstallAppProgress t17} time:80833168
01-15 00:27:18.664 I/dex2oat (31791): dex2oat took 675.995ms (threads: 4)
01-15 00:27:18.824 W/Settings(  836): Setting install_non_market_apps has moved from android.provider.Settings.Global to android.provider.Settings.Secure, returning read-only value.
01-15 00:27:18.828 I/art     (21371): Explicit concurrent mark sweep GC freed 1794(113KB) AllocSpace objects, 0(0B) LOS objects, 24% free, 5MB/7MB, paused 449us total 29.335ms
01-15 00:27:18.842 I/InputReader(  836): Reconfiguring input devices.  changes=0x00000010
01-15 00:27:18.843 I/InputReader(  836): Reconfiguring input devices.  changes=0x00000010
01-15 00:27:18.847 I/InputReader(  836): Reconfiguring input devices.  changes=0x00000010
01-15 00:27:18.862 I/QCNEJ   ( 1439): |CORE| CNE- sendBrowserInfoList: browsers list size = 3
01-15 00:27:18.879 I/QCNEJ   ( 1439): |CORE| CNE- sendBrowserInfoList: browsers list size = 3
01-15 00:27:18.896 I/QCNEJ   ( 1439): |CORE| CNE- sendBrowserInfoList: browsers list size = 3
01-15 00:27:18.967 D/RegisteredServicesCache( 1371): Intent action: android.intent.action.PACKAGE_REMOVED
01-15 00:27:18.967 D/RegisteredServicesCache( 1371): Ignoring package intent due to package being replaced.
01-15 00:27:18.974 W/art     ( 2511): Suspending all threads took: 9.464ms
01-15 00:27:19.014 I/art     (  836): Explicit concurrent mark sweep GC freed 41737(2MB) AllocSpace objects, 12(184KB) LOS objects, 33% free, 15MB/23MB, paused 2.034ms total 189.617ms
01-15 00:27:19.031 D/RegisteredServicesCache( 1371): Intent action: android.intent.action.PACKAGE_ADDED
01-15 00:27:19.031 D/RegisteredServicesCache( 1371): Ignoring package intent due to package being replaced.
01-15 00:27:19.031 D/RegisteredServicesCache( 1371): Intent action: android.intent.action.PACKAGE_REPLACED
01-15 00:27:19.091 I/Launcher(21371): Deferring update until onResume
01-15 00:27:19.204 I/ContactLocale(31797): AddressBook Labels [en-US]: [, A, B, C, D, E, F, G, H, I, J, K, L, M, N, O, P, Q, R, S, T, U, V, W, X, Y, Z, , , , , , , , , , , , , , , , , , , , , , , , , , , , , , , , , , , , , , , , , , , , , , , , , , , , , , , , , , , , , , , , , , , , , , , , , , , , , , , , , , , , , , , , , , , , , , , , , , , , , , , , , , , , , , , , , , , , , , , , , , , , , , , , , , , , , , , , , , , , , , , , , , , , , , , , , , , , , , , , , , , , , , , , , , , , , , , , , , , , , , , , , , , , #, ]
01-15 00:27:19.444 V/WLAN_PSA(  240): NL MSG, len[048], NL type[0x11] WNI type[0x5050] len[028]
01-15 00:27:19.444 V/WLAN_PSA(  240): NL MSG, PID: 240
01-15 00:27:19.909 D/wpa_supplicant(26266): wlan0: Control interface command 'SIGNAL_POLL'
01-15 00:27:20.213 W/art     (  836): Long monitor contention event with owner method=void com.android.server.am.ActivityManagerService.serviceDoneExecuting(android.os.IBinder, int, int, int) from ActivityManagerService.java:14997 waiters=0 for 211ms
01-15 00:27:20.214 W/art     (  836): Long monitor contention event with owner method=void com.android.server.am.ActivityManagerService.serviceDoneExecuting(android.os.IBinder, int, int, int) from ActivityManagerService.java:14997 waiters=1 for 188ms
01-15 00:27:20.644 D/audio_hw_primary(  233): out_standby: enter: stream (0xb7319fe0) usecase(1: low-latency-playback)
01-15 00:27:20.724 D/soundtrigger(  233): audio_extn_sound_trigger_update_stream_status: uc_id 1 of type 0 for Event 2, with Raise=0
01-15 00:27:20.724 D/hardware_info(  233): hw_info_append_hw_type : device_name = handset
01-15 00:27:20.733 I/soundtrigger(  233): audio_extn_sound_trigger_update_device_status: device 0x1 of type 0 for Event 0, with Raise=0
01-15 00:27:20.759 D/UiautomatorThriftService(31669): processSearchText
01-15 00:27:20.760 D/QueryController(31669): Searching: UiSelector[START_TEXT=Done, SUBCLASS=android.widget.TextView]
01-15 00:27:20.778 D/UiSelector(31669): matchOrUpdateInstance
01-15 00:27:20.778 D/UiSelector(31669): verify
01-15 00:27:20.778 D/QueryController(31669): . . [0]: UiSelector[START_TEXT=Done, SUBCLASS=android.widget.TextView]
01-15 00:27:20.778 I/QueryController(31669): Matched selector: UiSelector[START_TEXT=Done, SUBCLASS=android.widget.TextView] <<==>> [android.view.accessibility.AccessibilityNodeInfo@8001f16a; boundsInParent: Rect(0, 0 - 240, 72); boundsInScreen: Rect(0, 782 - 240, 854); packageName: com.android.packageinstaller; className: android.widget.Button; text: Done; error: null; maxTextLength: -1; contentDescription: null; viewIdResName: com.android.packageinstaller:id/done_button; checkable: false; checked: false; focusable: true; focused: false; selected: false; clickable: true; longClickable: false; enabled: true; password: false; scrollable: false; actions: [AccessibilityAction: ACTION_FOCUS - null, AccessibilityAction: ACTION_SELECT - null, AccessibilityAction: ACTION_CLEAR_SELECTION - null, AccessibilityAction: ACTION_CLICK - null, AccessibilityAction: ACTION_ACCESSIBILITY_FOCUS - null, AccessibilityAction: ACTION_NEXT_AT_MOVEMENT_GRANULARITY - null, AccessibilityAction: ACTION_PREVIOUS_AT_MOVEMENT_GRANULARITY - null, AccessibilityAction: ACTION_SET_SELECTION - null]]
01-15 00:27:21.274 D/QueryController(31669): Searching: UiSelector[START_TEXT=Done, SUBCLASS=android.widget.TextView]
01-15 00:27:21.281 D/UiSelector(31669): matchOrUpdateInstance
01-15 00:27:21.281 D/UiSelector(31669): verify
01-15 00:27:21.281 D/QueryController(31669): . . [0]: UiSelector[START_TEXT=Done, SUBCLASS=android.widget.TextView]
01-15 00:27:21.282 I/QueryController(31669): Matched selector: UiSelector[START_TEXT=Done, SUBCLASS=android.widget.TextView] <<==>> [android.view.accessibility.AccessibilityNodeInfo@8001f16a; boundsInParent: Rect(0, 0 - 240, 72); boundsInScreen: Rect(0, 782 - 240, 854); packageName: com.android.packageinstaller; className: android.widget.Button; text: Done; error: null; maxTextLength: -1; contentDescription: null; viewIdResName: com.android.packageinstaller:id/done_button; checkable: false; checked: false; focusable: true; focused: false; selected: false; clickable: true; longClickable: false; enabled: true; password: false; scrollable: false; actions: [AccessibilityAction: ACTION_FOCUS - null, AccessibilityAction: ACTION_SELECT - null, AccessibilityAction: ACTION_CLEAR_SELECTION - null, AccessibilityAction: ACTION_CLICK - null, AccessibilityAction: ACTION_ACCESSIBILITY_FOCUS - null, AccessibilityAction: ACTION_NEXT_AT_MOVEMENT_GRANULARITY - null, AccessibilityAction: ACTION_PREVIOUS_AT_MOVEMENT_GRANULARITY - null, AccessibilityAction: ACTION_SET_SELECTION - null]]
01-15 00:27:21.309 D/UiautomatorThriftService(31669): processClick(Class viewClass,int idType, String id): class android.widget.Button, 0, done_button
01-15 00:27:21.309 E/UiautomatorThriftService(31669): id is:done_button
01-15 00:27:21.310 D/QueryController(31669): Searching: UiSelector[RESOURCE_ID=done_button]
01-15 00:27:21.316 D/UiSelector(31669): resourcename=null
01-15 00:27:21.316 D/UiSelector(31669): criterion=done_button
01-15 00:27:21.317 D/UiSelector(31669): resourcename=null
01-15 00:27:21.317 D/UiSelector(31669): criterion=done_button
01-15 00:27:21.317 D/UiSelector(31669): resourcename=android:id/content
01-15 00:27:21.317 D/UiSelector(31669): criterion=done_button
01-15 00:27:21.317 D/UiSelector(31669): resourcename=null
01-15 00:27:21.317 D/UiSelector(31669): criterion=done_button
01-15 00:27:21.317 D/UiSelector(31669): resourcename=com.android.packageinstaller:id/app_snippet
01-15 00:27:21.317 D/UiSelector(31669): criterion=done_button
01-15 00:27:21.317 D/UiSelector(31669): resourcename=com.android.packageinstaller:id/app_icon
01-15 00:27:21.317 D/UiSelector(31669): criterion=done_button
01-15 00:27:21.317 D/UiSelector(31669): resourcename=com.android.packageinstaller:id/app_name
01-15 00:27:21.317 D/UiSelector(31669): criterion=done_button
01-15 00:27:21.317 D/UiSelector(31669): resourcename=com.android.packageinstaller:id/top_divider
01-15 00:27:21.317 D/UiSelector(31669): criterion=done_button
01-15 00:27:21.317 D/UiSelector(31669): resourcename=com.android.packageinstaller:id/center_text
01-15 00:27:21.317 D/UiSelector(31669): criterion=done_button
01-15 00:27:21.317 D/UiSelector(31669): resourcename=null
01-15 00:27:21.317 D/UiSelector(31669): criterion=done_button
01-15 00:27:21.317 D/UiSelector(31669): resourcename=com.android.packageinstaller:id/buttons_panel
01-15 00:27:21.317 D/UiSelector(31669): criterion=done_button
01-15 00:27:21.317 D/UiSelector(31669): resourcename=null
01-15 00:27:21.317 D/UiSelector(31669): criterion=done_button
01-15 00:27:21.317 D/UiSelector(31669): resourcename=com.android.packageinstaller:id/done_button
01-15 00:27:21.317 D/UiSelector(31669): criterion=done_button
01-15 00:27:21.317 D/UiSelector(31669): isMatches com.android.packageinstaller:id/done_button|done_button
01-15 00:27:21.318 D/UiSelector(31669): matchOrUpdateInstance
01-15 00:27:21.318 D/UiSelector(31669): verify
01-15 00:27:21.318 D/QueryController(31669): . . [0]: UiSelector[RESOURCE_ID=done_button]
01-15 00:27:21.318 I/QueryController(31669): Matched selector: UiSelector[RESOURCE_ID=done_button] <<==>> [android.view.accessibility.AccessibilityNodeInfo@8001f16a; boundsInParent: Rect(0, 0 - 240, 72); boundsInScreen: Rect(0, 782 - 240, 854); packageName: com.android.packageinstaller; className: android.widget.Button; text: Done; error: null; maxTextLength: -1; contentDescription: null; viewIdResName: com.android.packageinstaller:id/done_button; checkable: false; checked: false; focusable: true; focused: false; selected: false; clickable: true; longClickable: false; enabled: true; password: false; scrollable: false; actions: [AccessibilityAction: ACTION_FOCUS - null, AccessibilityAction: ACTION_SELECT - null, AccessibilityAction: ACTION_CLEAR_SELECTION - null, AccessibilityAction: ACTION_CLICK - null, AccessibilityAction: ACTION_ACCESSIBILITY_FOCUS - null, AccessibilityAction: ACTION_NEXT_AT_MOVEMENT_GRANULARITY - null, AccessibilityAction: ACTION_PREVIOUS_AT_MOVEMENT_GRANULARITY - null, AccessibilityAction: ACTION_SET_SELECTION - null]]
01-15 00:27:21.319 D/QueryController(31669): Searching: UiSelector[RESOURCE_ID=done_button]
01-15 00:27:21.326 D/UiSelector(31669): resourcename=null
01-15 00:27:21.326 D/UiSelector(31669): criterion=done_button
01-15 00:27:21.326 D/UiSelector(31669): resourcename=null
01-15 00:27:21.326 D/UiSelector(31669): criterion=done_button
01-15 00:27:21.326 D/UiSelector(31669): resourcename=android:id/content
01-15 00:27:21.326 D/UiSelector(31669): criterion=done_button
01-15 00:27:21.326 D/UiSelector(31669): resourcename=null
01-15 00:27:21.326 D/UiSelector(31669): criterion=done_button
01-15 00:27:21.326 D/UiSelector(31669): resourcename=com.android.packageinstaller:id/app_snippet
01-15 00:27:21.326 D/UiSelector(31669): criterion=done_button
01-15 00:27:21.326 D/UiSelector(31669): resourcename=com.android.packageinstaller:id/app_icon
01-15 00:27:21.326 D/UiSelector(31669): criterion=done_button
01-15 00:27:21.326 D/UiSelector(31669): resourcename=com.android.packageinstaller:id/app_name
01-15 00:27:21.326 D/UiSelector(31669): criterion=done_button
01-15 00:27:21.326 D/UiSelector(31669): resourcename=com.android.packageinstaller:id/top_divider
01-15 00:27:21.326 D/UiSelector(31669): criterion=done_button
01-15 00:27:21.326 D/UiSelector(31669): resourcename=com.android.packageinstaller:id/center_text
01-15 00:27:21.326 D/UiSelector(31669): criterion=done_button
01-15 00:27:21.326 D/UiSelector(31669): resourcename=null
01-15 00:27:21.326 D/UiSelector(31669): criterion=done_button
01-15 00:27:21.326 D/UiSelector(31669): resourcename=com.android.packageinstaller:id/buttons_panel
01-15 00:27:21.326 D/UiSelector(31669): criterion=done_button
01-15 00:27:21.326 D/UiSelector(31669): resourcename=null
01-15 00:27:21.326 D/UiSelector(31669): criterion=done_button
01-15 00:27:21.326 D/UiSelector(31669): resourcename=com.android.packageinstaller:id/done_button
01-15 00:27:21.326 D/UiSelector(31669): criterion=done_button
01-15 00:27:21.326 D/UiSelector(31669): isMatches com.android.packageinstaller:id/done_button|done_button
01-15 00:27:21.326 D/UiSelector(31669): matchOrUpdateInstance
01-15 00:27:21.326 D/UiSelector(31669): verify
01-15 00:27:21.326 D/QueryController(31669): . . [0]: UiSelector[RESOURCE_ID=done_button]
01-15 00:27:21.327 I/QueryController(31669): Matched selector: UiSelector[RESOURCE_ID=done_button] <<==>> [android.view.accessibility.AccessibilityNodeInfo@8001f16a; boundsInParent: Rect(0, 0 - 240, 72); boundsInScreen: Rect(0, 782 - 240, 854); packageName: com.android.packageinstaller; className: android.widget.Button; text: Done; error: null; maxTextLength: -1; contentDescription: null; viewIdResName: com.android.packageinstaller:id/done_button; checkable: false; checked: false; focusable: true; focused: false; selected: false; clickable: true; longClickable: false; enabled: true; password: false; scrollable: false; actions: [AccessibilityAction: ACTION_FOCUS - null, AccessibilityAction: ACTION_SELECT - null, AccessibilityAction: ACTION_CLEAR_SELECTION - null, AccessibilityAction: ACTION_CLICK - null, AccessibilityAction: ACTION_ACCESSIBILITY_FOCUS - null, AccessibilityAction: ACTION_NEXT_AT_MOVEMENT_GRANULARITY - null, AccessibilityAction: ACTION_PREVIOUS_AT_MOVEMENT_GRANULARITY - null, AccessibilityAction: ACTION_SET_SELECTION - null]]
01-15 00:27:21.332 D/InteractionController(31669): clickAndSync(120, 818)
01-15 00:27:21.440 I/InstallAppProgress(31743): Finished installing com.yuedong.browser
01-15 00:27:21.449 E/AudioPolicyManager(  233): unknown stream type
01-15 00:27:21.458 D/audio_hw_primary(  233): start_output_stream: enter: stream(0xb7319fe0)usecase(1: low-latency-playback) devices(0x1)
01-15 00:27:21.458 D/audio_hw_primary(  233): select_devices: out_snd_device(1: handset) in_snd_device(0: )
01-15 00:27:21.458 D/hardware_info(  233): hw_info_append_hw_type : device_name = handset
01-15 00:27:21.458 I/soundtrigger(  233): audio_extn_sound_trigger_update_device_status: device 0x1 of type 0 for Event 1, with Raise=0
01-15 00:27:21.464 W/audio_hw_utils(  233): audio_extn_utils_update_stream_app_type_cfg: App type could not be selected. Falling back to default
01-15 00:27:21.464 I/audio_hw_primary(  233): select_devices Selected apptype: 69936
01-15 00:27:21.464 D/soundtrigger(  233): audio_extn_sound_trigger_update_stream_status: uc_id 1 of type 0 for Event 3, with Raise=0
01-15 00:27:21.464 D/ACDB-LOADER(  233): ACDB -> send_audio_cal, acdb_id = 7, path =  0
01-15 00:27:21.464 D/ACDB-LOADER(  233): ACDB -> send_asm_topology
01-15 00:27:21.464 D/ACDB-LOADER(  233): ACDB -> ACDB_CMD_GET_AUDPROC_STREAM_TOPOLOGY_ID
01-15 00:27:21.464 D/ACDB-LOADER(  233): ACDB -> send_adm_topology
01-15 00:27:21.464 D/ACDB-LOADER(  233): ACDB -> ACDB_CMD_GET_AUDPROC_COMMON_TOPOLOGY_ID
01-15 00:27:21.464 D/ACDB-LOADER(  233): ACDB -> send_audtable
01-15 00:27:21.464 D/ACDB-LOADER(  233): ACDB -> ACDB_CMD_GET_AUDPROC_COMMON_TABLE
01-15 00:27:21.464 D/ACDB-LOADER(  233): ACDB -> AUDIO_SET_AUDPROC_CAL
01-15 00:27:21.464 D/ACDB-LOADER(  233): ACDB -> send_audvoltable
01-15 00:27:21.464 D/ACDB-LOADER(  233): ACDB -> ACDB_CMD_GET_AUDPROC_GAIN_DEP_STEP_TABLE
01-15 00:27:21.464 D/ACDB-LOADER(  233): ACDB -> AUDIO_SET_AUDPROC_VOL_CAL
01-15 00:27:21.464 D/ACDB-LOADER(  233): ACDB -> send_afe_cal
01-15 00:27:21.464 D/ACDB-LOADER(  233): ACDB -> ACDB_CMD_GET_AFE_COMMON_TABLE
01-15 00:27:21.464 D/        (  233): Failed to fetch the lookup information of the device 00000007 
01-15 00:27:21.464 E/ACDB-LOADER(  233): Error: ACDB AFE returned = -19
01-15 00:27:21.464 D/ACDB-LOADER(  233): ACDB -> AUDIO_SET_AFE_CAL
01-15 00:27:21.464 D/ACDB-LOADER(  233): ACDB -> send_hw_delay : acdb_id = 7 path = 0
01-15 00:27:21.464 D/ACDB-LOADER(  233): ACDB -> ACDB_AVSYNC_INFO: ACDB_CMD_GET_DEVICE_PROPERTY
01-15 00:27:21.464 I/audio_hw_utils(  233): audio_extn_utils_send_app_type_cfg app_type 69936, acdb_dev_id 7, sample_rate 48000
01-15 00:27:21.465 D/audio_hw_primary(  233): select_devices: done
01-15 00:27:21.482 D/FileExplorer(21736): start to find files
01-15 00:27:21.516 D/FileExplorer(21736): rpath is:/storage/emulated/0/Download
01-15 00:27:21.571 D/OpenGLRenderer(31743): endAllStagingAnimators on 0xb7f5f6a0 (RippleDrawable) with handle 0xb7f16328
01-15 00:27:21.592 I/Timeline(21736): Timeline: Activity_idle id: android.os.BinderProxy@15be09f3 time:80836659
01-15 00:27:21.640 E/AudioPolicyManager(  233): unknown stream type
01-15 00:27:21.640 E/AudioPolicyManager(  233): unknown stream type
01-15 00:27:21.640 E/AudioPolicyManager(  233): unknown stream type
01-15 00:27:21.640 E/AudioPolicyManager(  233): unknown stream type
01-15 00:27:21.854 I/Timeline(  836): Timeline: Activity_windows_visible id: ActivityRecord{2779c1d u0 com.qualcomm.qti.explorer/.ExplorerActivity t17} time:80836920
01-15 00:27:22.114 V/WLAN_PSA(  240): NL MSG, len[4016], NL type[0x1C] WNI type[0x5900] len[38927]
01-15 00:27:22.114 V/WLAN_PSA(  240): NL MSG, PID: 240
01-15 00:27:22.925 D/wpa_supplicant(26266): wlan0: Control interface command 'SIGNAL_POLL'
01-15 00:27:24.439 W/InteractionController(31669): runAndwaitForEvent timedout waiting for events
01-15 00:27:24.454 V/WLAN_PSA(  240): NL MSG, len[048], NL type[0x11] WNI type[0x5050] len[028]
01-15 00:27:24.454 V/WLAN_PSA(  240): NL MSG, PID: 240
01-15 00:27:24.609 D/audio_hw_primary(  233): out_standby: enter: stream (0xb7319fe0) usecase(1: low-latency-playback)
01-15 00:27:24.692 D/soundtrigger(  233): audio_extn_sound_trigger_update_stream_status: uc_id 1 of type 0 for Event 2, with Raise=0
01-15 00:27:24.692 D/hardware_info(  233): hw_info_append_hw_type : device_name = handset
01-15 00:27:24.703 I/soundtrigger(  233): audio_extn_sound_trigger_update_device_status: device 0x1 of type 0 for Event 0, with Raise=0
01-15 00:27:25.232 D/HeadsetStateMachine( 3971): Disconnected process message: 10, size: 0
01-15 00:27:25.232 I/QCNEJ   ( 1439): |CORE| CNE received action: android.intent.action.BATTERY_CHANGED
01-15 00:27:25.232 I/QCNEJ   ( 1439): |CORE| UpdateBatteryStatus status=2 pluginType=2 level=100
01-15 00:27:25.936 D/wpa_supplicant(26266): wlan0: Control interface command 'SIGNAL_POLL'
01-15 00:27:26.102 E/LocSvc_libulp(  836): I/===> int ulp_msg_process_system_update(UlpSystemEvent) line 1455 
01-15 00:27:26.102 E/LocSvc_libulp(  836): I/int ulp_msg_process_system_update(UlpSystemEvent): systemEvent:5 
01-15 00:27:26.102 E/LocSvc_libulp(  836): I/===> int ulp_brain_process_system_update(UlpSystemEvent) line 2360 
01-15 00:27:26.102 E/LocSvc_libulp(  836): I/===> int ulp_brain_select_providers() line 333 
01-15 00:27:26.102 E/LocSvc_libulp(  836): I/===> int ulp_brain_turn_onoff_quipc_provider() line 700 
01-15 00:27:26.102 E/LocSvc_libulp(  836): I/===> int ulp_quipc_stop_engine() line 235 
01-15 00:27:26.102 E/LocSvc_libulp(  836): I/===> bool ulp_quipc_engine_running() line 60 
01-15 00:27:26.102 E/LocSvc_libulp(  836): I/===> int ulp_brain_turn_onoff_gnss_provider() line 595 
01-15 00:27:26.102 E/LocSvc_libulp(  836): I/===> int ulp_gnss_stop_engine() line 262 
01-15 00:27:26.102 E/LocSvc_libulp(  836): I/===> bool ulp_quipc_engine_running() line 60 
01-15 00:27:26.102 E/LocSvc_libulp(  836): I/===> int ulp_brain_turn_onoff_gnp_provider() line 496 
01-15 00:27:26.102 E/LocSvc_libulp(  836): I/===> bool ulp_gnp_engine_running() line 59 
01-15 00:27:26.102 E/LocSvc_libulp(  836): I/===> int ulp_gnp_stop_engine() line 195 
01-15 00:27:26.102 E/LocSvc_libulp(  836): I/===> bool ulp_gnp_engine_running() line 59 
01-15 00:27:26.102 E/LocSvc_libulp(  836): I/===> bool ulp_gnp_engine_running() line 59 
01-15 00:27:26.102 E/LocSvc_libulp(  836): I/===> int ulp_brain_turn_onoff_zpp_provider() line 437 
01-15 00:27:26.102 E/LocSvc_libulp(  836): I/===> int ulp_zpp_start_engine() line 98 
01-15 00:27:26.102 E/LocSvc_libulp(  836): I/===> bool ulp_zpp_engine_running() line 62 
01-15 00:27:26.102 E/LocSvc_libulp(  836): I/===> int ulp_msg_process_start_req() line 447 
01-15 00:27:26.102 E/LocSvc_libulp(  836): I/int ulp_msg_process_start_req(), at ulp state = 1
01-15 00:27:26.102 E/LocSvc_api_v02(  836): I/---> locClientSendReq line 2436 QMI_LOC_GET_BEST_AVAILABLE_POSITION_REQ_V02
01-15 00:27:26.104 E/LocSvc_ApiV02(  836): I/<--- void globalRespCb(locClientHandleType, uint32_t, locClientRespIndUnionType, void*) line 106 QMI_LOC_GET_BEST_AVAILABLE_POSITION_REQ_V02
01-15 00:27:26.105 E/LocSvc_libulp(  836): I/===> int ulp_brain_process_zpp_position_report(loc_sess_status, LocPosTechMask, const UlpLocation*) line 1473 
01-15 00:27:26.105 E/LocSvc_libulp(  836): I/int ulp_brain_process_zpp_position_report(loc_sess_status, LocPosTechMask, const UlpLocation*), report ZPP position to providers,report_position = 0
01-15 00:27:26.105 E/LocSvc_libulp(  836): I/===> int ulp_brain_select_providers() line 333 
01-15 00:27:26.105 E/LocSvc_libulp(  836): I/===> int ulp_brain_turn_onoff_quipc_provider() line 700 
01-15 00:27:26.105 E/LocSvc_libulp(  836): I/===> int ulp_quipc_stop_engine() line 235 
01-15 00:27:26.105 E/LocSvc_libulp(  836): I/===> bool ulp_quipc_engine_running() line 60 
01-15 00:27:26.105 E/LocSvc_libulp(  836): I/===> int ulp_brain_turn_onoff_gnss_provider() line 595 
01-15 00:27:26.105 E/LocSvc_libulp(  836): I/===> int ulp_gnss_stop_engine() line 262 
01-15 00:27:26.105 E/LocSvc_libulp(  836): I/===> bool ulp_quipc_engine_running() line 60 
01-15 00:27:26.105 E/LocSvc_libulp(  836): I/===> int ulp_brain_turn_onoff_gnp_provider() line 496 
01-15 00:27:26.105 E/LocSvc_libulp(  836): I/===> bool ulp_gnp_engine_running() line 59 
01-15 00:27:26.105 E/LocSvc_libulp(  836): I/===> int ulp_gnp_stop_engine() line 195 
01-15 00:27:26.105 E/LocSvc_libulp(  836): I/===> bool ulp_gnp_engine_running() line 59 
01-15 00:27:26.105 E/LocSvc_libulp(  836): I/===> bool ulp_gnp_engine_running() line 59 
01-15 00:27:26.105 E/LocSvc_libulp(  836): I/===> int ulp_brain_turn_onoff_zpp_provider() line 437 
01-15 00:27:26.105 E/LocSvc_libulp(  836): I/===> int ulp_zpp_stop_engine() line 174 
01-15 00:27:26.105 E/LocSvc_libulp(  836): I/===> bool ulp_zpp_engine_running() line 62 
01-15 00:27:26.375 I/art     ( 1113): Explicit concurrent mark sweep GC freed 3657(181KB) AllocSpace objects, 0(0B) LOS objects, 39% free, 6MB/11MB, paused 1.125ms total 57.536ms
01-15 00:27:28.952 D/wpa_supplicant(26266): wlan0: Control interface command 'SIGNAL_POLL'
01-15 00:27:28.954 V/WLAN_PSA(  240): NL MSG, len[4091], NL type[0x1C] WNI type[0x5900] len[58127]
01-15 00:27:28.954 V/WLAN_PSA(  240): NL MSG, PID: 240
01-15 00:27:28.989 I/art     (  836): Explicit concurrent mark sweep GC freed 14482(823KB) AllocSpace objects, 2(32KB) LOS objects, 33% free, 15MB/23MB, paused 1.494ms total 107.835ms
01-15 00:27:29.464 V/WLAN_PSA(  240): NL MSG, len[048], NL type[0x11] WNI type[0x5050] len[028]
01-15 00:27:29.464 V/WLAN_PSA(  240): NL MSG, PID: 240
