01-15 00:26:36.100 E/LocSvc_libulp(  836): I/===> int ulp_quipc_stop_engine() line 235 
01-15 00:26:36.100 E/LocSvc_libulp(  836): I/===> bool ulp_quipc_engine_running() line 60 
01-15 00:26:36.100 E/LocSvc_libulp(  836): I/===> int ulp_brain_turn_onoff_gnss_provider() line 595 
01-15 00:26:36.100 E/LocSvc_libulp(  836): I/===> int ulp_gnss_stop_engine() line 262 
01-15 00:26:36.101 E/LocSvc_libulp(  836): I/===> bool ulp_quipc_engine_running() line 60 
01-15 00:26:36.101 E/LocSvc_libulp(  836): I/===> int ulp_brain_turn_onoff_gnp_provider() line 496 
01-15 00:26:36.101 E/LocSvc_libulp(  836): I/===> bool ulp_gnp_engine_running() line 59 
01-15 00:26:36.101 E/LocSvc_libulp(  836): I/===> int ulp_gnp_stop_engine() line 195 
01-15 00:26:36.101 E/LocSvc_libulp(  836): I/===> bool ulp_gnp_engine_running() line 59 
01-15 00:26:36.101 E/LocSvc_libulp(  836): I/===> bool ulp_gnp_engine_running() line 59 
01-15 00:26:36.101 E/LocSvc_libulp(  836): I/===> int ulp_brain_turn_onoff_zpp_provider() line 437 
01-15 00:26:36.101 E/LocSvc_libulp(  836): I/===> int ulp_zpp_start_engine() line 98 
01-15 00:26:36.101 E/LocSvc_libulp(  836): I/===> bool ulp_zpp_engine_running() line 62 
01-15 00:26:36.101 E/LocSvc_libulp(  836): I/===> int ulp_msg_process_start_req() line 447 
01-15 00:26:36.101 E/LocSvc_libulp(  836): I/int ulp_msg_process_start_req(), at ulp state = 1
01-15 00:26:36.104 E/LocSvc_api_v02(  836): I/---> locClientSendReq line 2436 QMI_LOC_GET_BEST_AVAILABLE_POSITION_REQ_V02
01-15 00:26:36.106 E/LocSvc_ApiV02(  836): I/<--- void globalRespCb(locClientHandleType, uint32_t, locClientRespIndUnionType, void*) line 106 QMI_LOC_GET_BEST_AVAILABLE_POSITION_REQ_V02
01-15 00:26:36.107 E/LocSvc_libulp(  836): I/===> int ulp_brain_process_zpp_position_report(loc_sess_status, LocPosTechMask, const UlpLocation*) line 1473 
01-15 00:26:36.107 E/LocSvc_libulp(  836): I/int ulp_brain_process_zpp_position_report(loc_sess_status, LocPosTechMask, const UlpLocation*), report ZPP position to providers,report_position = 0
01-15 00:26:36.107 E/LocSvc_libulp(  836): I/===> int ulp_brain_select_providers() line 333 
01-15 00:26:36.107 E/LocSvc_libulp(  836): I/===> int ulp_brain_turn_onoff_quipc_provider() line 700 
01-15 00:26:36.107 E/LocSvc_libulp(  836): I/===> int ulp_quipc_stop_engine() line 235 
01-15 00:26:36.107 E/LocSvc_libulp(  836): I/===> bool ulp_quipc_engine_running() line 60 
01-15 00:26:36.107 E/LocSvc_libulp(  836): I/===> int ulp_brain_turn_onoff_gnss_provider() line 595 
01-15 00:26:36.107 E/LocSvc_libulp(  836): I/===> int ulp_gnss_stop_engine() line 262 
01-15 00:26:36.107 E/LocSvc_libulp(  836): I/===> bool ulp_quipc_engine_running() line 60 
01-15 00:26:36.107 E/LocSvc_libulp(  836): I/===> int ulp_brain_turn_onoff_gnp_provider() line 496 
01-15 00:26:36.107 E/LocSvc_libulp(  836): I/===> bool ulp_gnp_engine_running() line 59 
01-15 00:26:36.107 E/LocSvc_libulp(  836): I/===> int ulp_gnp_stop_engine() line 195 
01-15 00:26:36.107 E/LocSvc_libulp(  836): I/===> bool ulp_gnp_engine_running() line 59 
01-15 00:26:36.107 E/LocSvc_libulp(  836): I/===> bool ulp_gnp_engine_running() line 59 
01-15 00:26:36.107 E/LocSvc_libulp(  836): I/===> int ulp_brain_turn_onoff_zpp_provider() line 437 
01-15 00:26:36.107 E/LocSvc_libulp(  836): I/===> int ulp_zpp_stop_engine() line 174 
01-15 00:26:36.107 E/LocSvc_libulp(  836): I/===> bool ulp_zpp_engine_running() line 62 
01-15 00:26:37.094 V/WLAN_PSA(  240): NL MSG, len[4016], NL type[0x1C] WNI type[0x5900] len[38927]
01-15 00:26:37.094 V/WLAN_PSA(  240): NL MSG, PID: 240
01-15 00:26:37.192 D/UiautomatorThriftService(31669): processSearchText
01-15 00:26:37.193 D/QueryController(31669): Searching: UiSelector[START_TEXT=Unfortunately, SUBCLASS=android.widget.TextView]
01-15 00:26:37.217 E/WifiStateMachine(  836): WifiStateMachine CMD_START_SCAN source -2 txSuccessRate=0.00 rxSuccessRate=14.11 targetRoamBSSID=any RSSI=-46
01-15 00:26:37.218 D/wpa_supplicant(26266): wlan0: Control interface command 'SCAN TYPE=ONLY'
01-15 00:26:37.218 D/wpa_supplicant(26266): wlan0: Setting scan request: 0.000000 sec
01-15 00:26:37.218 D/wpa_supplicant(26266): wlan0: Starting AP scan for wildcard SSID
01-15 00:26:37.218 D/wpa_supplicant(26266): wlan0: Add radio work 'scan'@0xb863ae90
01-15 00:26:37.218 D/wpa_supplicant(26266): wlan0: First radio work item in the queue - schedule start immediately
01-15 00:26:37.218 D/wpa_supplicant(26266): wlan0: Starting radio work 'scan'@0xb863ae90 after 0.000051 second wait
01-15 00:26:37.218 D/wpa_supplicant(26266): wlan0: nl80211: scan request
01-15 00:26:37.218 D/wpa_supplicant(26266): nl80211: Scan SSID - hexdump(len=0): [NULL]
01-15 00:26:37.219 D/wpa_supplicant(26266): Scan requested (ret=0) - scan timeout 30 seconds
01-15 00:26:37.219 D/wpa_supplicant(26266): nl80211: Event message available
01-15 00:26:37.219 D/wpa_supplicant(26266): nl80211: Drv Event 33 (NL80211_CMD_TRIGGER_SCAN) received for wlan0
01-15 00:26:37.219 D/wpa_supplicant(26266): wlan0: nl80211: Scan trigger
01-15 00:26:37.219 D/wpa_supplicant(26266): wlan0: Event SCAN_STARTED (49) received
01-15 00:26:37.219 D/wpa_supplicant(26266): wlan0: Own scan request started a scan in 0.000175 seconds
01-15 00:26:37.219 I/wpa_supplicant(26266): wlan0: CTRL-EVENT-SCAN-STARTED 
01-15 00:26:37.219 D/wpa_supplicant(26266): CTRL_IFACE monitor sent successfully to /data/misc/wifi/sockets/wpa_ctrl_246-220\x00
01-15 00:26:37.220 D/wpa_supplicant(26266): CTRL_IFACE monitor sent successfully to /data/misc/wifi/sockets/wpa_ctrl_836-5\x00
01-15 00:26:37.220 V/WLAN_PSA(  240): NL MSG, len[914], NL type[0x11] WNI type[0x5050] len[894]
01-15 00:26:37.220 V/WLAN_PSA(  240): NL MSG, PID: 240
01-15 00:26:37.220 I/WifiHAL (  836): Poll result = 1
01-15 00:26:37.220 I/WifiHAL (  836): Found some events!!!
01-15 00:26:37.220 V/WLAN_PSA(  240): NL MSG, len[048], NL type[0x11] WNI type[0x5050] len[028]
01-15 00:26:37.220 V/WLAN_PSA(  240): NL MSG, PID: 240
01-15 00:26:37.220 D/WifiHAL (  836): no_seq_check received
01-15 00:26:37.220 I/WifiHAL (  836): event received NL80211_CMD_TRIGGER_SCAN
01-15 00:26:37.220 I/WifiHAL (  836): event received NL80211_CMD_TRIGGER_SCAN, vendor_id = 0x0
01-15 00:26:37.220 V/WLAN_PSA(  240): NL MSG, len[4017], NL type[0x1C] WNI type[0x5900] len[39183]
01-15 00:26:37.220 I/WifiHAL (  836): event ignored!!
01-15 00:26:37.220 V/WLAN_PSA(  240): NL MSG, PID: 240
01-15 00:26:37.251 V/QueryController(31669): Skipping invisible child: android.view.accessibility.AccessibilityNodeInfo@806280da; boundsInParent: Rect(0, 0 - 480, 504); boundsInScreen: Rect(0, -1059 - 480, -555); packageName: com.android.settings; className: android.widget.LinearLayout; text: null; error: null; maxTextLength: -1; contentDescription: null; viewIdResName: com.android.settings:id/category; checkable: false; checked: false; focusable: false; focused: false; selected: false; clickable: false; longClickable: false; enabled: true; password: false; scrollable: false; actions: [AccessibilityAction: ACTION_SELECT - null, AccessibilityAction: ACTION_CLEAR_SELECTION - null, AccessibilityAction: ACTION_ACCESSIBILITY_FOCUS - null]
01-15 00:26:37.265 V/QueryController(31669): Skipping invisible child: android.view.accessibility.AccessibilityNodeInfo@8062488b; boundsInParent: Rect(0, 0 - 480, 72); boundsInScreen: Rect(0, -543 - 480, -471); packageName: com.android.settings; className: android.widget.TextView; text: Device; error: null; maxTextLength: -1; contentDescription: null; viewIdResName: com.android.settings:id/category_title; checkable: false; checked: false; focusable: false; focused: false; selected: false; clickable: false; longClickable: false; enabled: true; password: false; scrollable: false; actions: [AccessibilityAction: ACTION_SELECT - null, AccessibilityAction: ACTION_CLEAR_SELECTION - null, AccessibilityAction: ACTION_ACCESSIBILITY_FOCUS - null, AccessibilityAction: ACTION_NEXT_AT_MOVEMENT_GRANULARITY - null, AccessibilityAction: ACTION_PREVIOUS_AT_MOVEMENT_GRANULARITY - null, AccessibilityAction: ACTION_SET_SELECTION - null]
01-15 00:26:37.290 V/QueryController(31669): Skipping invisible child: android.view.accessibility.AccessibilityNodeInfo@80624c4c; boundsInParent: Rect(0, 0 - 480, 108); boundsInScreen: Rect(0, -471 - 480, -363); packageName: com.android.settings; className: android.widget.FrameLayout; text: null; error: null; maxTextLength: -1; contentDescription: null; viewIdResName: null; checkable: false; checked: false; focusable: true; focused: false; selected: false; clickable: true; longClickable: false; enabled: true; password: false; scrollable: false; actions: [AccessibilityAction: ACTION_FOCUS - null, AccessibilityAction: ACTION_SELECT - null, AccessibilityAction: ACTION_CLEAR_SELECTION - null, AccessibilityAction: ACTION_CLICK - null, AccessibilityAction: ACTION_ACCESSIBILITY_FOCUS - null]
01-15 00:26:37.290 V/QueryController(31669): Skipping invisible child: android.view.accessibility.AccessibilityNodeInfo@8062500d; boundsInParent: Rect(0, 0 - 480, 108); boundsInScreen: Rect(0, -363 - 480, -255); packageName: com.android.settings; className: android.widget.FrameLayout; text: null; error: null; maxTextLength: -1; contentDescription: null; viewIdResName: null; checkable: false; checked: false; focusable: true; focused: false; selected: false; clickable: true; longClickable: false; enabled: true; password: false; scrollable: false; actions: [AccessibilityAction: ACTION_FOCUS - null, AccessibilityAction: ACTION_SELECT - null, AccessibilityAction: ACTION_CLEAR_SELECTION - null, AccessibilityAction: ACTION_CLICK - null, AccessibilityAction: ACTION_ACCESSIBILITY_FOCUS - null]
01-15 00:26:37.290 V/QueryController(31669): Skipping invisible child: android.view.accessibility.AccessibilityNodeInfo@806253ce; boundsInParent: Rect(0, 0 - 480, 108); boundsInScreen: Rect(0, -255 - 480, -147); packageName: com.android.settings; className: android.widget.FrameLayout; text: null; error: null; maxTextLength: -1; contentDescription: null; viewIdResName: null; checkable: false; checked: false; focusable: true; focused: false; selected: false; clickable: true; longClickable: false; enabled: true; password: false; scrollable: false; actions: [AccessibilityAction: ACTION_FOCUS - null, AccessibilityAction: ACTION_SELECT - null, AccessibilityAction: ACTION_CLEAR_SELECTION - null, AccessibilityAction: ACTION_CLICK - null, AccessibilityAction: ACTION_ACCESSIBILITY_FOCUS - null]
01-15 00:26:37.290 V/QueryController(31669): Skipping invisible child: android.view.accessibility.AccessibilityNodeInfo@8062578f; boundsInParent: Rect(0, 0 - 480, 108); boundsInScreen: Rect(0, -147 - 480, -39); packageName: com.android.settings; className: android.widget.FrameLayout; text: null; error: null; maxTextLength: -1; contentDescription: null; viewIdResName: null; checkable: false; checked: false; focusable: true; focused: false; selected: false; clickable: true; longClickable: false; enabled: true; password: false; scrollable: false; actions: [AccessibilityAction: ACTION_FOCUS - null, AccessibilityAction: ACTION_SELECT - null, AccessibilityAction: ACTION_CLEAR_SELECTION - null, AccessibilityAction: ACTION_CLICK - null, AccessibilityAction: ACTION_ACCESSIBILITY_FOCUS - null]
01-15 00:26:37.292 V/WLAN_PSA(  240): NL MSG, len[4041], NL type[0x1C] WNI type[0x5900] len[45327]
01-15 00:26:37.292 V/WLAN_PSA(  240): NL MSG, PID: 240
01-15 00:26:37.292 V/QueryController(31669): Skipping invisible child: android.view.accessibility.AccessibilityNodeInfo@80625b50; boundsInParent: Rect(0, 0 - 480, 108); boundsInScreen: Rect(0, -39 - 480, 68); packageName: com.android.settings; className: android.widget.FrameLayout; text: null; error: null; maxTextLength: -1; contentDescription: null; viewIdResName: null; checkable: false; checked: false; focusable: true; focused: false; selected: false; clickable: true; longClickable: false; enabled: true; password: false; scrollable: false; actions: [AccessibilityAction: ACTION_FOCUS - null, AccessibilityAction: ACTION_SELECT - null, AccessibilityAction: ACTION_CLEAR_SELECTION - null, AccessibilityAction: ACTION_CLICK - null, AccessibilityAction: ACTION_ACCESSIBILITY_FOCUS - null]
01-15 00:26:37.335 V/QueryController(31669): Skipping invisible child: android.view.accessibility.AccessibilityNodeInfo@80629b21; boundsInParent: Rect(0, 0 - 480, 432); boundsInScreen: Rect(0, 884 - 480, 1316); packageName: com.android.settings; className: android.view.View; text: null; error: null; maxTextLength: -1; contentDescription: null; viewIdResName: com.android.settings:id/category_content; checkable: false; checked: false; focusable: false; focused: false; selected: false; clickable: false; longClickable: false; enabled: true; password: false; scrollable: false; actions: [AccessibilityAction: ACTION_SELECT - null, AccessibilityAction: ACTION_CLEAR_SELECTION - null, AccessibilityAction: ACTION_ACCESSIBILITY_FOCUS - null]
01-15 00:26:37.335 D/QueryController(31669): Container selector not found: UiSelector[START_TEXT=Unfortunately, SUBCLASS=android.widget.TextView]
01-15 00:26:37.337 I/UiDevice(31669):  watcher3-- name:,and mInWatcherContext  == true com.android.systemui
01-15 00:26:37.337 D/TestCaseProcessor(31669): check For Condition id :level_percent
01-15 00:26:37.337 D/TestCaseProcessor(31669): findUiObject
01-15 00:26:37.376 V/WLAN_PSA(  240): NL MSG, len[4094], NL type[0x1C] WNI type[0x5900] len[58895]
01-15 00:26:37.376 V/WLAN_PSA(  240): NL MSG, PID: 240
01-15 00:26:37.428 I/art     ( 1113): Explicit concurrent mark sweep GC freed 3493(177KB) AllocSpace objects, 0(0B) LOS objects, 39% free, 6MB/11MB, paused 789us total 43.060ms
01-15 00:26:37.453 V/WLAN_PSA(  240): NL MSG, len[4078], NL type[0x1C] WNI type[0x5900] len[54799]
01-15 00:26:37.453 V/WLAN_PSA(  240): NL MSG, PID: 240
01-15 00:26:37.535 V/WLAN_PSA(  240): NL MSG, len[4034], NL type[0x1C] WNI type[0x5900] len[43535]
01-15 00:26:37.535 V/WLAN_PSA(  240): NL MSG, PID: 240
01-15 00:26:37.588 D/wpa_supplicant(26266): wlan0: Control interface command 'SIGNAL_POLL'
01-15 00:26:37.615 V/WLAN_PSA(  240): NL MSG, len[4079], NL type[0x1C] WNI type[0x5900] len[55055]
01-15 00:26:37.615 V/WLAN_PSA(  240): NL MSG, PID: 240
01-15 00:26:37.647 I/WifiHAL (  836): Poll result = 1
01-15 00:26:37.647 I/WifiHAL (  836): Found some events!!!
01-15 00:26:37.647 D/WifiHAL (  836): no_seq_check received
01-15 00:26:37.647 I/WifiHAL (  836): event received NL80211_CMD_NEW_SCAN_RESULTS
01-15 00:26:37.647 I/WifiHAL (  836): event received NL80211_CMD_NEW_SCAN_RESULTS, vendor_id = 0x0
01-15 00:26:37.648 I/WifiHAL (  836): event ignored!!
01-15 00:26:37.654 V/WLAN_PSA(  240): NL MSG, len[4057], NL type[0x1C] WNI type[0x5900] len[49423]
01-15 00:26:37.654 V/WLAN_PSA(  240): NL MSG, PID: 240
01-15 00:26:37.655 V/WLAN_PSA(  240): NL MSG, len[914], NL type[0x11] WNI type[0x5050] len[894]
01-15 00:26:37.655 V/WLAN_PSA(  240): NL MSG, PID: 240
01-15 00:26:37.655 V/WLAN_PSA(  240): NL MSG, len[3965], NL type[0x1C] WNI type[0x5900] len[25871]
01-15 00:26:37.655 V/WLAN_PSA(  240): NL MSG, PID: 240
01-15 00:26:37.655 V/WLAN_PSA(  240): NL MSG, len[4006], NL type[0x1C] WNI type[0x5900] len[36367]
01-15 00:26:37.655 V/WLAN_PSA(  240): NL MSG, PID: 240
01-15 00:26:37.657 D/wpa_supplicant(26266): nl80211: Event message available
01-15 00:26:37.657 D/wpa_supplicant(26266): nl80211: Drv Event 34 (NL80211_CMD_NEW_SCAN_RESULTS) received for wlan0
01-15 00:26:37.657 D/wpa_supplicant(26266): wlan0: nl80211: New scan results available
01-15 00:26:37.657 D/wpa_supplicant(26266): nl80211: Scan included frequencies:
01-15 00:26:37.657 D/wpa_supplicant(26266): wlan0: Event SCAN_RESULTS (3) received
01-15 00:26:37.657 D/wpa_supplicant(26266): wlan0: Scan completed in 0.437823 seconds
01-15 00:26:37.657 D/wpa_supplicant(26266): nl80211: Associated on 2437 MHz
01-15 00:26:37.657 D/wpa_supplicant(26266): nl80211: Associated with f0:29:29:15:5b:51
01-15 00:26:37.658 D/wpa_supplicant(26266): nl80211: Received scan results (20 BSSes)
01-15 00:26:37.658 D/wpa_supplicant(26266): nl80211: Scan results indicate BSS status with f0:29:29:15:5b:51 as associated
01-15 00:26:37.658 D/wpa_supplicant(26266): wlan0: BSS: Start scan result update 165
01-15 00:26:37.658 D/wpa_supplicant(26266): wlan0: BSS: Add new id 449 BSSID f0:29:29:15:5b:50 SSID 'Hydra'
01-15 00:26:37.658 D/wpa_supplicant(26266): CTRL_IFACE monitor sent successfully to /data/misc/wifi/sockets/wpa_ctrl_246-220\x00
01-15 00:26:37.658 D/wpa_supplicant(26266): CTRL_IFACE monitor sent successfully to /data/misc/wifi/sockets/wpa_ctrl_836-5\x00
01-15 00:26:37.658 D/wpa_supplicant(26266): wlan0: BSS: Add new id 450 BSSID 88:1f:a1:15:5e:9a SSID 'MacBook-Pro'
01-15 00:26:37.658 D/wpa_supplicant(26266): CTRL_IFACE monitor sent successfully to /data/misc/wifi/sockets/wpa_ctrl_246-220\x00
01-15 00:26:37.658 D/wpa_supplicant(26266): CTRL_IFACE monitor sent successfully to /data/misc/wifi/sockets/wpa_ctrl_836-5\x00
01-15 00:26:37.658 D/wpa_supplicant(26266): wlan0: BSS: Add new id 451 BSSID ec:88:8f:78:54:59 SSID 'WQM-WPA-PSK2.4'
01-15 00:26:37.658 D/wpa_supplicant(26266): CTRL_IFACE monitor sent successfully to /data/misc/wifi/sockets/wpa_ctrl_246-220\x00
01-15 00:26:37.658 D/wpa_supplicant(26266): CTRL_IFACE monitor sent successfully to /data/misc/wifi/sockets/wpa_ctrl_836-5\x00
01-15 00:26:37.659 D/wpa_supplicant(26266): wlan0: BSS: Add new id 452 BSSID 04:da:d2:c6:f2:01 SSID 'QGuest'
01-15 00:26:37.659 D/wpa_supplicant(26266): CTRL_IFACE monitor sent successfully to /data/misc/wifi/sockets/wpa_ctrl_246-220\x00
01-15 00:26:37.659 D/wpa_supplicant(26266): CTRL_IFACE monitor sent successfully to /data/misc/wifi/sockets/wpa_ctrl_836-5\x00
01-15 00:26:37.659 D/wpa_supplicant(26266): wlan0: BSS: Remove id 438 BSSID f0:29:29:15:42:20 SSID 'Hydra' due to no match in scan
01-15 00:26:37.659 D/wpa_supplicant(26266): CTRL_IFACE monitor sent successfully to /data/misc/wifi/sockets/wpa_ctrl_246-220\x00
01-15 00:26:37.659 D/wpa_supplicant(26266): CTRL_IFACE monitor sent successfully to /data/misc/wifi/sockets/wpa_ctrl_836-5\x00
01-15 00:26:37.659 D/wpa_supplicant(26266): wlan0: BSS: Remove id 440 BSSID 1c:78:39:02:6b:41 SSID '\xe5\x85\xa8\xe6\xb0\x91wifi7943' due to no match in scan
01-15 00:26:37.659 D/wpa_supplicant(26266): CTRL_IFACE monitor sent successfully to /data/misc/wifi/sockets/wpa_ctrl_246-220\x00
01-15 00:26:37.659 D/wpa_supplicant(26266): CTRL_IFACE monitor sent successfully to /data/misc/wifi/sockets/wpa_ctrl_836-5\x00
01-15 00:26:37.659 D/wpa_supplicant(26266): wlan0: BSS: Remove id 441 BSSID 00:0a:f5:17:b8:04 SSID 'WPASoftAP' due to no match in scan
01-15 00:26:37.659 D/wpa_supplicant(26266): CTRL_IFACE monitor sent successfully to /data/misc/wifi/sockets/wpa_ctrl_246-220\x00
01-15 00:26:37.659 D/wpa_supplicant(26266): CTRL_IFACE monitor sent successfully to /data/misc/wifi/sockets/wpa_ctrl_836-5\x00
01-15 00:26:37.659 D/wpa_supplicant(26266): wlan0: BSS: Remove id 442 BSSID c4:ca:d9:12:93:40 SSID 'ChinaNet' due to no match in scan
01-15 00:26:37.659 D/wpa_supplicant(26266): CTRL_IFACE monitor sent successfully to /data/misc/wifi/sockets/wpa_ctrl_246-220\x00
01-15 00:26:37.659 D/wpa_supplicant(26266): CTRL_IFACE monitor sent successfully to /data/misc/wifi/sockets/wpa_ctrl_836-5\x00
01-15 00:26:37.659 D/wpa_supplicant(26266): wlan0: BSS: Remove id 443 BSSID c4:ca:d9:12:93:41 SSID 'i-Shanghai' due to no match in scan
01-15 00:26:37.659 D/wpa_supplicant(26266): CTRL_IFACE monitor sent successfully to /data/misc/wifi/sockets/wpa_ctrl_246-220\x00
01-15 00:26:37.659 D/wpa_supplicant(26266): CTRL_IFACE monitor sent successfully to /data/misc/wifi/sockets/wpa_ctrl_836-5\x00
01-15 00:26:37.659 D/wpa_supplicant(26266): wlan0: BSS: Remove id 444 BSSID 6c:e8:73:82:a8:b0 SSID 'TP-LINK_82A8B0' due to no match in scan
01-15 00:26:37.659 D/wpa_supplicant(26266): CTRL_IFACE monitor sent successfully to /data/misc/wifi/sockets/wpa_ctrl_246-220\x00
01-15 00:26:37.659 D/wpa_supplicant(26266): CTRL_IFACE monitor sent successfully to /data/misc/wifi/sockets/wpa_ctrl_836-5\x00
01-15 00:26:37.659 D/wpa_supplicant(26266): BSS: last_scan_res_used=20/32
01-15 00:26:37.659 D/wpa_supplicant(26266): wlan0: Scan-only results received
01-15 00:26:37.659 D/wpa_supplicant(26266): CTRL_IFACE monitor sent successfully to /data/misc/wifi/sockets/wpa_ctrl_246-220\x00
01-15 00:26:37.660 D/wpa_supplicant(26266): CTRL_IFACE monitor sent successfully to /data/misc/wifi/sockets/wpa_ctrl_836-5\x00
01-15 00:26:37.660 D/wpa_supplicant(26266): wlan0: Radio work 'scan'@0xb863ae90 done in 0.441446 seconds
01-15 00:26:37.663 D/wpa_supplicant(26266): wlan0: Control interface command 'BSS RANGE=0- MASK=0x21987'
01-15 00:26:37.675 D/wpa_supplicant(26266): wlan0: Control interface command 'STATUS-NO_EVENTS'
01-15 00:26:37.679 D/LBSSystemMonitorService(  836): handleMessage what - 4
01-15 00:26:37.679 D/Wiper_jni(  836): Send Network Location.
01-15 00:26:37.680 E/LocSvc_api_v02(  836): I/---> locClientSendReq line 2436 QMI_LOC_INJECT_WIFI_POSITION_REQ_V02
01-15 00:26:37.682 E/LocSvc_ApiV02(  836): I/<--- void globalRespCb(locClientHandleType, uint32_t, locClientRespIndUnionType, void*) line 106 QMI_LOC_INJECT_WIFI_POSITION_REQ_V02
01-15 00:26:37.844 D/QueryController(31669): Searching: UiSelector[RESOURCE_ID=level_percent]
01-15 00:26:37.865 D/UiSelector(31669): resourcename=null
01-15 00:26:37.865 D/UiSelector(31669): criterion=level_percent
01-15 00:26:37.865 D/UiSelector(31669): resourcename=android:id/decor_content_parent
01-15 00:26:37.865 D/UiSelector(31669): criterion=level_percent
01-15 00:26:37.865 D/UiSelector(31669): resourcename=android:id/action_bar_container
01-15 00:26:37.865 D/UiSelector(31669): criterion=level_percent
01-15 00:26:37.865 D/UiSelector(31669): resourcename=android:id/action_bar
01-15 00:26:37.865 D/UiSelector(31669): criterion=level_percent
01-15 00:26:37.865 D/UiSelector(31669): resourcename=null
01-15 00:26:37.865 D/UiSelector(31669): criterion=level_percent
01-15 00:26:37.865 D/UiSelector(31669): resourcename=null
01-15 00:26:37.866 D/UiSelector(31669): criterion=level_percent
01-15 00:26:37.866 D/UiSelector(31669): resourcename=com.android.settings:id/search
01-15 00:26:37.866 D/UiSelector(31669): criterion=level_percent
01-15 00:26:37.866 D/UiSelector(31669): resourcename=android:id/content
01-15 00:26:37.866 D/UiSelector(31669): criterion=level_percent
01-15 00:26:37.866 D/UiSelector(31669): resourcename=com.android.settings:id/main_content
01-15 00:26:37.866 D/UiSelector(31669): criterion=level_percent
01-15 00:26:37.866 D/UiSelector(31669): resourcename=com.android.settings:id/dashboard
01-15 00:26:37.866 D/UiSelector(31669): criterion=level_percent
01-15 00:26:37.866 D/UiSelector(31669): resourcename=com.android.settings:id/dashboard_container
01-15 00:26:37.866 D/UiSelector(31669): criterion=level_percent
01-15 00:26:37.866 V/QueryController(31669): Skipping invisible child: android.view.accessibility.AccessibilityNodeInfo@806280da; boundsInParent: Rect(0, 0 - 480, 504); boundsInScreen: Rect(0, -1059 - 480, -555); packageName: com.android.settings; className: android.widget.LinearLayout; text: null; error: null; maxTextLength: -1; contentDescription: null; viewIdResName: com.android.settings:id/category; checkable: false; checked: false; focusable: false; focused: false; selected: false; clickable: false; longClickable: false; enabled: true; password: false; scrollable: false; actions: [AccessibilityAction: ACTION_SELECT - null, AccessibilityAction: ACTION_CLEAR_SELECTION - null, AccessibilityAction: ACTION_ACCESSIBILITY_FOCUS - null]
01-15 00:26:37.866 D/UiSelector(31669): resourcename=com.android.settings:id/category
01-15 00:26:37.866 D/UiSelector(31669): criterion=level_percent
01-15 00:26:37.874 V/QueryController(31669): Skipping invisible child: android.view.accessibility.AccessibilityNodeInfo@8062488b; boundsInParent: Rect(0, 0 - 480, 72); boundsInScreen: Rect(0, -543 - 480, -471); packageName: com.android.settings; className: android.widget.TextView; text: Device; error: null; maxTextLength: -1; contentDescription: null; viewIdResName: com.android.settings:id/category_title; checkable: false; checked: false; focusable: false; focused: false; selected: false; clickable: false; longClickable: false; enabled: true; password: false; scrollable: false; actions: [AccessibilityAction: ACTION_SELECT - null, AccessibilityAction: ACTION_CLEAR_SELECTION - null, AccessibilityAction: ACTION_ACCESSIBILITY_FOCUS - null, AccessibilityAction: ACTION_NEXT_AT_MOVEMENT_GRANULARITY - null, AccessibilityAction: ACTION_PREVIOUS_AT_MOVEMENT_GRANULARITY - null, AccessibilityAction: ACTION_SET_SELECTION - null]
01-15 00:26:37.896 D/UiSelector(31669): resourcename=com.android.settings:id/category_content
01-15 00:26:37.896 D/UiSelector(31669): criterion=level_percent
01-15 00:26:37.896 V/QueryController(31669): Skipping invisible child: android.view.accessibility.AccessibilityNodeInfo@80624c4c; boundsInParent: Rect(0, 0 - 480, 108); boundsInScreen: Rect(0, -471 - 480, -363); packageName: com.android.settings; className: android.widget.FrameLayout; text: null; error: null; maxTextLength: -1; contentDescription: null; viewIdResName: null; checkable: false; checked: false; focusable: true; focused: false; selected: false; clickable: true; longClickable: false; enabled: true; password: false; scrollable: false; actions: [AccessibilityAction: ACTION_FOCUS - null, AccessibilityAction: ACTION_SELECT - null, AccessibilityAction: ACTION_CLEAR_SELECTION - null, AccessibilityAction: ACTION_CLICK - null, AccessibilityAction: ACTION_ACCESSIBILITY_FOCUS - null]
01-15 00:26:37.897 V/QueryController(31669): Skipping invisible child: android.view.accessibility.AccessibilityNodeInfo@8062500d; boundsInParent: Rect(0, 0 - 480, 108); boundsInScreen: Rect(0, -363 - 480, -255); packageName: com.android.settings; className: android.widget.FrameLayout; text: null; error: null; maxTextLength: -1; contentDescription: null; viewIdResName: null; checkable: false; checked: false; focusable: true; focused: false; selected: false; clickable: true; longClickable: false; enabled: true; password: false; scrollable: false; actions: [AccessibilityAction: ACTION_FOCUS - null, AccessibilityAction: ACTION_SELECT - null, AccessibilityAction: ACTION_CLEAR_SELECTION - null, AccessibilityAction: ACTION_CLICK - null, AccessibilityAction: ACTION_ACCESSIBILITY_FOCUS - null]
01-15 00:26:37.897 V/QueryController(31669): Skipping invisible child: android.view.accessibility.AccessibilityNodeInfo@806253ce; boundsInParent: Rect(0, 0 - 480, 108); boundsInScreen: Rect(0, -255 - 480, -147); packageName: com.android.settings; className: android.widget.FrameLayout; text: null; error: null; maxTextLength: -1; contentDescription: null; viewIdResName: null; checkable: false; checked: false; focusable: true; focused: false; selected: false; clickable: true; longClickable: false; enabled: true; password: false; scrollable: false; actions: [AccessibilityAction: ACTION_FOCUS - null, AccessibilityAction: ACTION_SELECT - null, AccessibilityAction: ACTION_CLEAR_SELECTION - null, AccessibilityAction: ACTION_CLICK - null, AccessibilityAction: ACTION_ACCESSIBILITY_FOCUS - null]
01-15 00:26:37.898 V/QueryController(31669): Skipping invisible child: android.view.accessibility.AccessibilityNodeInfo@8062578f; boundsInParent: Rect(0, 0 - 480, 108); boundsInScreen: Rect(0, -147 - 480, -39); packageName: com.android.settings; className: android.widget.FrameLayout; text: null; error: null; maxTextLength: -1; contentDescription: null; viewIdResName: null; checkable: false; checked: false; focusable: true; focused: false; selected: false; clickable: true; longClickable: false; enabled: true; password: false; scrollable: false; actions: [AccessibilityAction: ACTION_FOCUS - null, AccessibilityAction: ACTION_SELECT - null, AccessibilityAction: ACTION_CLEAR_SELECTION - null, AccessibilityAction: ACTION_CLICK - null, AccessibilityAction: ACTION_ACCESSIBILITY_FOCUS - null]
01-15 00:26:37.899 V/QueryController(31669): Skipping invisible child: android.view.accessibility.AccessibilityNodeInfo@80625b50; boundsInParent: Rect(0, 0 - 480, 108); boundsInScreen: Rect(0, -39 - 480, 68); packageName: com.android.settings; className: android.widget.FrameLayout; text: null; error: null; maxTextLength: -1; contentDescription: null; viewIdResName: null; checkable: false; checked: false; focusable: true; focused: false; selected: false; clickable: true; longClickable: false; enabled: true; password: false; scrollable: false; actions: [AccessibilityAction: ACTION_FOCUS - null, AccessibilityAction: ACTION_SELECT - null, AccessibilityAction: ACTION_CLEAR_SELECTION - null, AccessibilityAction: ACTION_CLICK - null, AccessibilityAction: ACTION_ACCESSIBILITY_FOCUS - null]
01-15 00:26:37.899 D/UiSelector(31669): resourcename=null
01-15 00:26:37.899 D/UiSelector(31669): criterion=level_percent
01-15 00:26:37.899 D/UiSelector(31669): resourcename=null
01-15 00:26:37.899 D/UiSelector(31669): criterion=level_percent
01-15 00:26:37.899 D/UiSelector(31669): resourcename=com.android.settings:id/icon
01-15 00:26:37.899 D/UiSelector(31669): criterion=level_percent
01-15 00:26:37.899 D/UiSelector(31669): resourcename=null
01-15 00:26:37.899 D/UiSelector(31669): criterion=level_percent
01-15 00:26:37.899 D/UiSelector(31669): resourcename=null
01-15 00:26:37.899 D/UiSelector(31669): criterion=level_percent
01-15 00:26:37.899 D/UiSelector(31669): resourcename=null
01-15 00:26:37.899 D/UiSelector(31669): criterion=level_percent
01-15 00:26:37.899 D/UiSelector(31669): resourcename=com.android.settings:id/title
01-15 00:26:37.899 D/UiSelector(31669): criterion=level_percent
01-15 00:26:37.899 D/UiSelector(31669): resourcename=com.android.settings:id/category
01-15 00:26:37.899 D/UiSelector(31669): criterion=level_percent
01-15 00:26:37.907 D/UiSelector(31669): resourcename=com.android.settings:id/category_title
01-15 00:26:37.907 D/UiSelector(31669): criterion=level_percent
01-15 00:26:37.923 D/UiSelector(31669): resourcename=com.android.settings:id/category_content
01-15 00:26:37.923 D/UiSelector(31669): criterion=level_percent
01-15 00:26:37.923 D/UiSelector(31669): resourcename=null
01-15 00:26:37.923 D/UiSelector(31669): criterion=level_percent
01-15 00:26:37.924 D/UiSelector(31669): resourcename=null
01-15 00:26:37.924 D/UiSelector(31669): criterion=level_percent
01-15 00:26:37.924 D/UiSelector(31669): resourcename=com.android.settings:id/icon
01-15 00:26:37.924 D/UiSelector(31669): criterion=level_percent
01-15 00:26:37.924 D/UiSelector(31669): resourcename=null
01-15 00:26:37.924 D/UiSelector(31669): criterion=level_percent
01-15 00:26:37.924 D/UiSelector(31669): resourcename=null
01-15 00:26:37.924 D/UiSelector(31669): criterion=level_percent
01-15 00:26:37.924 D/UiSelector(31669): resourcename=null
01-15 00:26:37.924 D/UiSelector(31669): criterion=level_percent
01-15 00:26:37.924 D/UiSelector(31669): resourcename=com.android.settings:id/title
01-15 00:26:37.924 D/UiSelector(31669): criterion=level_percent
01-15 00:26:37.924 D/UiSelector(31669): resourcename=com.android.settings:id/tile_divider
01-15 00:26:37.924 D/UiSelector(31669): criterion=level_percent
01-15 00:26:37.924 D/UiSelector(31669): resourcename=null
01-15 00:26:37.924 D/UiSelector(31669): criterion=level_percent
01-15 00:26:37.924 D/UiSelector(31669): resourcename=null
01-15 00:26:37.924 D/UiSelector(31669): criterion=level_percent
01-15 00:26:37.924 D/UiSelector(31669): resourcename=com.android.settings:id/icon
01-15 00:26:37.924 D/UiSelector(31669): criterion=level_percent
01-15 00:26:37.924 D/UiSelector(31669): resourcename=null
01-15 00:26:37.924 D/UiSelector(31669): criterion=level_percent
01-15 00:26:37.924 D/UiSelector(31669): resourcename=null
01-15 00:26:37.924 D/UiSelector(31669): criterion=level_percent
01-15 00:26:37.924 D/UiSelector(31669): resourcename=null
01-15 00:26:37.924 D/UiSelector(31669): criterion=level_percent
01-15 00:26:37.924 D/UiSelector(31669): resourcename=com.android.settings:id/title
01-15 00:26:37.924 D/UiSelector(31669): criterion=level_percent
01-15 00:26:37.924 D/UiSelector(31669): resourcename=com.android.settings:id/tile_divider
01-15 00:26:37.924 D/UiSelector(31669): criterion=level_percent
01-15 00:26:37.924 D/UiSelector(31669): resourcename=null
01-15 00:26:37.924 D/UiSelector(31669): criterion=level_percent
01-15 00:26:37.924 D/UiSelector(31669): resourcename=null
01-15 00:26:37.924 D/UiSelector(31669): criterion=level_percent
01-15 00:26:37.924 D/UiSelector(31669): resourcename=com.android.settings:id/icon
01-15 00:26:37.924 D/UiSelector(31669): criterion=level_percent
01-15 00:26:37.924 D/UiSelector(31669): resourcename=null
01-15 00:26:37.924 D/UiSelector(31669): criterion=level_percent
01-15 00:26:37.924 D/UiSelector(31669): resourcename=null
01-15 00:26:37.924 D/UiSelector(31669): criterion=level_percent
01-15 00:26:37.924 D/UiSelector(31669): resourcename=null
01-15 00:26:37.924 D/UiSelector(31669): criterion=level_percent
01-15 00:26:37.924 D/UiSelector(31669): resourcename=com.android.settings:id/title
01-15 00:26:37.924 D/UiSelector(31669): criterion=level_percent
01-15 00:26:37.924 D/UiSelector(31669): resourcename=com.android.settings:id/tile_divider
01-15 00:26:37.925 D/UiSelector(31669): criterion=level_percent
01-15 00:26:37.925 D/UiSelector(31669): resourcename=null
01-15 00:26:37.925 D/UiSelector(31669): criterion=level_percent
01-15 00:26:37.925 D/UiSelector(31669): resourcename=null
01-15 00:26:37.925 D/UiSelector(31669): criterion=level_percent
01-15 00:26:37.925 D/UiSelector(31669): resourcename=com.android.settings:id/icon
01-15 00:26:37.925 D/UiSelector(31669): criterion=level_percent
01-15 00:26:37.925 D/UiSelector(31669): resourcename=null
01-15 00:26:37.925 D/UiSelector(31669): criterion=level_percent
01-15 00:26:37.925 D/UiSelector(31669): resourcename=null
01-15 00:26:37.925 D/UiSelector(31669): criterion=level_percent
01-15 00:26:37.925 D/UiSelector(31669): resourcename=null
01-15 00:26:37.925 D/UiSelector(31669): criterion=level_percent
01-15 00:26:37.925 D/UiSelector(31669): resourcename=com.android.settings:id/title
01-15 00:26:37.925 D/UiSelector(31669): criterion=level_percent
01-15 00:26:37.925 D/UiSelector(31669): resourcename=com.android.settings:id/tile_divider
01-15 00:26:37.925 D/UiSelector(31669): criterion=level_percent
01-15 00:26:37.925 D/UiSelector(31669): resourcename=null
01-15 00:26:37.925 D/UiSelector(31669): criterion=level_percent
01-15 00:26:37.925 D/UiSelector(31669): resourcename=null
01-15 00:26:37.925 D/UiSelector(31669): criterion=level_percent
01-15 00:26:37.925 D/UiSelector(31669): resourcename=com.android.settings:id/icon
01-15 00:26:37.925 D/UiSelector(31669): criterion=level_percent
01-15 00:26:37.925 D/UiSelector(31669): resourcename=null
01-15 00:26:37.925 D/UiSelector(31669): criterion=level_percent
01-15 00:26:37.925 D/UiSelector(31669): resourcename=null
01-15 00:26:37.925 D/UiSelector(31669): criterion=level_percent
01-15 00:26:37.925 D/UiSelector(31669): resourcename=null
01-15 00:26:37.925 D/UiSelector(31669): criterion=level_percent
01-15 00:26:37.926 D/UiSelector(31669): resourcename=com.android.settings:id/title
01-15 00:26:37.926 D/UiSelector(31669): criterion=level_percent
01-15 00:26:37.926 D/UiSelector(31669): resourcename=com.android.settings:id/category
01-15 00:26:37.926 D/UiSelector(31669): criterion=level_percent
01-15 00:26:37.926 D/UiSelector(31669): resourcename=com.android.settings:id/category_title
01-15 00:26:37.926 D/UiSelector(31669): criterion=level_percent
01-15 00:26:37.926 V/QueryController(31669): Skipping invisible child: android.view.accessibility.AccessibilityNodeInfo@80629b21; boundsInParent: Rect(0, 0 - 480, 432); boundsInScreen: Rect(0, 884 - 480, 1316); packageName: com.android.settings; className: android.view.View; text: null; error: null; maxTextLength: -1; contentDescription: null; viewIdResName: com.android.settings:id/category_content; checkable: false; checked: false; focusable: false; focused: false; selected: false; clickable: false; longClickable: false; enabled: true; password: false; scrollable: false; actions: [AccessibilityAction: ACTION_SELECT - null, AccessibilityAction: ACTION_CLEAR_SELECTION - null, AccessibilityAction: ACTION_ACCESSIBILITY_FOCUS - null]
01-15 00:26:37.926 D/UiSelector(31669): resourcename=android:id/statusBarBackground
01-15 00:26:37.926 D/UiSelector(31669): criterion=level_percent
01-15 00:26:37.926 D/QueryController(31669): Container selector not found: UiSelector[RESOURCE_ID=level_percent]
01-15 00:26:37.926 E/UiObject(31669): we will NOT run watchers or do any sort of polling if we have runing watcher
01-15 00:26:37.926 D/TestCaseProcessor(31669): UiWatcher UiObjectNotFoundException.
01-15 00:26:37.926 I/UiDevice(31669):  watcher4 -- false Condition: com.android.systemui
01-15 00:26:37.926 I/UiDevice(31669):  watcher5-- name:,and mInWatcherContext  == false com.android.systemui
01-15 00:26:38.927 D/QueryController(31669): Searching: UiSelector[START_TEXT=Unfortunately, SUBCLASS=android.widget.TextView]
01-15 00:26:38.946 V/QueryController(31669): Skipping invisible child: android.view.accessibility.AccessibilityNodeInfo@806280da; boundsInParent: Rect(0, 0 - 480, 504); boundsInScreen: Rect(0, -1059 - 480, -555); packageName: com.android.settings; className: android.widget.LinearLayout; text: null; error: null; maxTextLength: -1; contentDescription: null; viewIdResName: com.android.settings:id/category; checkable: false; checked: false; focusable: false; focused: false; selected: false; clickable: false; longClickable: false; enabled: true; password: false; scrollable: false; actions: [AccessibilityAction: ACTION_SELECT - null, AccessibilityAction: ACTION_CLEAR_SELECTION - null, AccessibilityAction: ACTION_ACCESSIBILITY_FOCUS - null]
01-15 00:26:38.946 V/QueryController(31669): Skipping invisible child: android.view.accessibility.AccessibilityNodeInfo@8062488b; boundsInParent: Rect(0, 0 - 480, 72); boundsInScreen: Rect(0, -543 - 480, -471); packageName: com.android.settings; className: android.widget.TextView; text: Device; error: null; maxTextLength: -1; contentDescription: null; viewIdResName: com.android.settings:id/category_title; checkable: false; checked: false; focusable: false; focused: false; selected: false; clickable: false; longClickable: false; enabled: true; password: false; scrollable: false; actions: [AccessibilityAction: ACTION_SELECT - null, AccessibilityAction: ACTION_CLEAR_SELECTION - null, AccessibilityAction: ACTION_ACCESSIBILITY_FOCUS - null, AccessibilityAction: ACTION_NEXT_AT_MOVEMENT_GRANULARITY - null, AccessibilityAction: ACTION_PREVIOUS_AT_MOVEMENT_GRANULARITY - null, AccessibilityAction: ACTION_SET_SELECTION - null]
01-15 00:26:38.947 V/QueryController(31669): Skipping invisible child: android.view.accessibility.AccessibilityNodeInfo@80624c4c; boundsInParent: Rect(0, 0 - 480, 108); boundsInScreen: Rect(0, -471 - 480, -363); packageName: com.android.settings; className: android.widget.FrameLayout; text: null; error: null; maxTextLength: -1; contentDescription: null; viewIdResName: null; checkable: false; checked: false; focusable: true; focused: false; selected: false; clickable: true; longClickable: false; enabled: true; password: false; scrollable: false; actions: [AccessibilityAction: ACTION_FOCUS - null, AccessibilityAction: ACTION_SELECT - null, AccessibilityAction: ACTION_CLEAR_SELECTION - null, AccessibilityAction: ACTION_CLICK - null, AccessibilityAction: ACTION_ACCESSIBILITY_FOCUS - null]
01-15 00:26:38.947 V/QueryController(31669): Skipping invisible child: android.view.accessibility.AccessibilityNodeInfo@8062500d; boundsInParent: Rect(0, 0 - 480, 108); boundsInScreen: Rect(0, -363 - 480, -255); packageName: com.android.settings; className: android.widget.FrameLayout; text: null; error: null; maxTextLength: -1; contentDescription: null; viewIdResName: null; checkable: false; checked: false; focusable: true; focused: false; selected: false; clickable: true; longClickable: false; enabled: true; password: false; scrollable: false; actions: [AccessibilityAction: ACTION_FOCUS - null, AccessibilityAction: ACTION_SELECT - null, AccessibilityAction: ACTION_CLEAR_SELECTION - null, AccessibilityAction: ACTION_CLICK - null, AccessibilityAction: ACTION_ACCESSIBILITY_FOCUS - null]
01-15 00:26:38.947 V/QueryController(31669): Skipping invisible child: android.view.accessibility.AccessibilityNodeInfo@806253ce; boundsInParent: Rect(0, 0 - 480, 108); boundsInScreen: Rect(0, -255 - 480, -147); packageName: com.android.settings; className: android.widget.FrameLayout; text: null; error: null; maxTextLength: -1; contentDescription: null; viewIdResName: null; checkable: false; checked: false; focusable: true; focused: false; selected: false; clickable: true; longClickable: false; enabled: true; password: false; scrollable: false; actions: [AccessibilityAction: ACTION_FOCUS - null, AccessibilityAction: ACTION_SELECT - null, AccessibilityAction: ACTION_CLEAR_SELECTION - null, AccessibilityAction: ACTION_CLICK - null, AccessibilityAction: ACTION_ACCESSIBILITY_FOCUS - null]
01-15 00:26:38.947 V/QueryController(31669): Skipping invisible child: android.view.accessibility.AccessibilityNodeInfo@8062578f; boundsInParent: Rect(0, 0 - 480, 108); boundsInScreen: Rect(0, -147 - 480, -39); packageName: com.android.settings; className: android.widget.FrameLayout; text: null; error: null; maxTextLength: -1; contentDescription: null; viewIdResName: null; checkable: false; checked: false; focusable: true; focused: false; selected: false; clickable: true; longClickable: false; enabled: true; password: false; scrollable: false; actions: [AccessibilityAction: ACTION_FOCUS - null, AccessibilityAction: ACTION_SELECT - null, AccessibilityAction: ACTION_CLEAR_SELECTION - null, AccessibilityAction: ACTION_CLICK - null, AccessibilityAction: ACTION_ACCESSIBILITY_FOCUS - null]
01-15 00:26:38.947 V/QueryController(31669): Skipping invisible child: android.view.accessibility.AccessibilityNodeInfo@80625b50; boundsInParent: Rect(0, 0 - 480, 108); boundsInScreen: Rect(0, -39 - 480, 68); packageName: com.android.settings; className: android.widget.FrameLayout; text: null; error: null; maxTextLength: -1; contentDescription: null; viewIdResName: null; checkable: false; checked: false; focusable: true; focused: false; selected: false; clickable: true; longClickable: false; enabled: true; password: false; scrollable: false; actions: [AccessibilityAction: ACTION_FOCUS - null, AccessibilityAction: ACTION_SELECT - null, AccessibilityAction: ACTION_CLEAR_SELECTION - null, AccessibilityAction: ACTION_CLICK - null, AccessibilityAction: ACTION_ACCESSIBILITY_FOCUS - null]
01-15 00:26:38.948 V/QueryController(31669): Skipping invisible child: android.view.accessibility.AccessibilityNodeInfo@80629b21; boundsInParent: Rect(0, 0 - 480, 432); boundsInScreen: Rect(0, 884 - 480, 1316); packageName: com.android.settings; className: android.view.View; text: null; error: null; maxTextLength: -1; contentDescription: null; viewIdResName: com.android.settings:id/category_content; checkable: false; checked: false; focusable: false; focused: false; selected: false; clickable: false; longClickable: false; enabled: true; password: false; scrollable: false; actions: [AccessibilityAction: ACTION_SELECT - null, AccessibilityAction: ACTION_CLEAR_SELECTION - null, AccessibilityAction: ACTION_ACCESSIBILITY_FOCUS - null]
01-15 00:26:38.948 D/QueryController(31669): Container selector not found: UiSelector[START_TEXT=Unfortunately, SUBCLASS=android.widget.TextView]
01-15 00:26:38.949 I/UiDevice(31669):  watcher3-- name:,and mInWatcherContext  == true com.android.systemui
01-15 00:26:38.949 D/TestCaseProcessor(31669): check For Condition id :level_percent
01-15 00:26:38.949 D/TestCaseProcessor(31669): findUiObject
01-15 00:26:38.950 D/QueryController(31669): Searching: UiSelector[RESOURCE_ID=level_percent]
01-15 00:26:38.970 D/UiSelector(31669): resourcename=null
01-15 00:26:38.970 D/UiSelector(31669): criterion=level_percent
01-15 00:26:38.970 D/UiSelector(31669): resourcename=android:id/decor_content_parent
01-15 00:26:38.970 D/UiSelector(31669): criterion=level_percent
01-15 00:26:38.970 D/UiSelector(31669): resourcename=android:id/action_bar_container
01-15 00:26:38.970 D/UiSelector(31669): criterion=level_percent
01-15 00:26:38.970 D/UiSelector(31669): resourcename=android:id/action_bar
01-15 00:26:38.970 D/UiSelector(31669): criterion=level_percent
01-15 00:26:38.970 D/UiSelector(31669): resourcename=null
01-15 00:26:38.970 D/UiSelector(31669): criterion=level_percent
01-15 00:26:38.970 D/UiSelector(31669): resourcename=null
01-15 00:26:38.970 D/UiSelector(31669): criterion=level_percent
01-15 00:26:38.970 D/UiSelector(31669): resourcename=com.android.settings:id/search
01-15 00:26:38.970 D/UiSelector(31669): criterion=level_percent
01-15 00:26:38.970 D/UiSelector(31669): resourcename=android:id/content
01-15 00:26:38.970 D/UiSelector(31669): criterion=level_percent
01-15 00:26:38.970 D/UiSelector(31669): resourcename=com.android.settings:id/main_content
01-15 00:26:38.970 D/UiSelector(31669): criterion=level_percent
01-15 00:26:38.970 D/UiSelector(31669): resourcename=com.android.settings:id/dashboard
01-15 00:26:38.970 D/UiSelector(31669): criterion=level_percent
01-15 00:26:38.970 D/UiSelector(31669): resourcename=com.android.settings:id/dashboard_container
01-15 00:26:38.970 D/UiSelector(31669): criterion=level_percent
01-15 00:26:38.970 V/QueryController(31669): Skipping invisible child: android.view.accessibility.AccessibilityNodeInfo@806280da; boundsInParent: Rect(0, 0 - 480, 504); boundsInScreen: Rect(0, -1059 - 480, -555); packageName: com.android.settings; className: android.widget.LinearLayout; text: null; error: null; maxTextLength: -1; contentDescription: null; viewIdResName: com.android.settings:id/category; checkable: false; checked: false; focusable: false; focused: false; selected: false; clickable: false; longClickable: false; enabled: true; password: false; scrollable: false; actions: [AccessibilityAction: ACTION_SELECT - null, AccessibilityAction: ACTION_CLEAR_SELECTION - null, AccessibilityAction: ACTION_ACCESSIBILITY_FOCUS - null]
01-15 00:26:38.971 D/UiSelector(31669): resourcename=com.android.settings:id/category
01-15 00:26:38.971 D/UiSelector(31669): criterion=level_percent
01-15 00:26:38.971 V/QueryController(31669): Skipping invisible child: android.view.accessibility.AccessibilityNodeInfo@8062488b; boundsInParent: Rect(0, 0 - 480, 72); boundsInScreen: Rect(0, -543 - 480, -471); packageName: com.android.settings; className: android.widget.TextView; text: Device; error: null; maxTextLength: -1; contentDescription: null; viewIdResName: com.android.settings:id/category_title; checkable: false; checked: false; focusable: false; focused: false; selected: false; clickable: false; longClickable: false; enabled: true; password: false; scrollable: false; actions: [AccessibilityAction: ACTION_SELECT - null, AccessibilityAction: ACTION_CLEAR_SELECTION - null, AccessibilityAction: ACTION_ACCESSIBILITY_FOCUS - null, AccessibilityAction: ACTION_NEXT_AT_MOVEMENT_GRANULARITY - null, AccessibilityAction: ACTION_PREVIOUS_AT_MOVEMENT_GRANULARITY - null, AccessibilityAction: ACTION_SET_SELECTION - null]
01-15 00:26:38.971 D/UiSelector(31669): resourcename=com.android.settings:id/category_content
01-15 00:26:38.971 D/UiSelector(31669): criterion=level_percent
01-15 00:26:38.971 V/QueryController(31669): Skipping invisible child: android.view.accessibility.AccessibilityNodeInfo@80624c4c; boundsInParent: Rect(0, 0 - 480, 108); boundsInScreen: Rect(0, -471 - 480, -363); packageName: com.android.settings; className: android.widget.FrameLayout; text: null; error: null; maxTextLength: -1; contentDescription: null; viewIdResName: null; checkable: false; checked: false; focusable: true; focused: false; selected: false; clickable: true; longClickable: false; enabled: true; password: false; scrollable: false; actions: [AccessibilityAction: ACTION_FOCUS - null, AccessibilityAction: ACTION_SELECT - null, AccessibilityAction: ACTION_CLEAR_SELECTION - null, AccessibilityAction: ACTION_CLICK - null, AccessibilityAction: ACTION_ACCESSIBILITY_FOCUS - null]
01-15 00:26:38.971 V/QueryController(31669): Skipping invisible child: android.view.accessibility.AccessibilityNodeInfo@8062500d; boundsInParent: Rect(0, 0 - 480, 108); boundsInScreen: Rect(0, -363 - 480, -255); packageName: com.android.settings; className: android.widget.FrameLayout; text: null; error: null; maxTextLength: -1; contentDescription: null; viewIdResName: null; checkable: false; checked: false; focusable: true; focused: false; selected: false; clickable: true; longClickable: false; enabled: true; password: false; scrollable: false; actions: [AccessibilityAction: ACTION_FOCUS - null, AccessibilityAction: ACTION_SELECT - null, AccessibilityAction: ACTION_CLEAR_SELECTION - null, AccessibilityAction: ACTION_CLICK - null, AccessibilityAction: ACTION_ACCESSIBILITY_FOCUS - null]
